Component: ARM Compiler 5.06 update 6 (build 750) Tool: armlink [4d35ed]

==============================================================================

Section Cross References

    startup_stm32f103xb.o(RESET) refers to startup_stm32f103xb.o(STACK) for __initial_sp
    startup_stm32f103xb.o(RESET) refers to startup_stm32f103xb.o(.text) for Reset_Handler
    startup_stm32f103xb.o(RESET) refers to stm32f1xx_it.o(i.NMI_Handler) for NMI_Handler
    startup_stm32f103xb.o(RESET) refers to stm32f1xx_it.o(i.HardFault_Handler) for HardFault_Handler
    startup_stm32f103xb.o(RESET) refers to stm32f1xx_it.o(i.MemManage_Handler) for MemManage_Handler
    startup_stm32f103xb.o(RESET) refers to stm32f1xx_it.o(i.BusFault_Handler) for BusFault_Handler
    startup_stm32f103xb.o(RESET) refers to stm32f1xx_it.o(i.UsageFault_Handler) for UsageFault_Handler
    startup_stm32f103xb.o(RESET) refers to stm32f1xx_it.o(i.SVC_Handler) for SVC_Handler
    startup_stm32f103xb.o(RESET) refers to stm32f1xx_it.o(i.DebugMon_Handler) for DebugMon_Handler
    startup_stm32f103xb.o(RESET) refers to stm32f1xx_it.o(i.PendSV_Handler) for PendSV_Handler
    startup_stm32f103xb.o(RESET) refers to stm32f1xx_it.o(i.SysTick_Handler) for SysTick_Handler
    startup_stm32f103xb.o(RESET) refers to stm32f1xx_it.o(i.FLASH_IRQHandler) for FLASH_IRQHandler
    startup_stm32f103xb.o(RESET) refers to stm32f1xx_it.o(i.RCC_IRQHandler) for RCC_IRQHandler
    startup_stm32f103xb.o(RESET) refers to main.o(i.EXTI0_IRQHandler) for EXTI0_IRQHandler
    startup_stm32f103xb.o(RESET) refers to main.o(i.EXTI1_IRQHandler) for EXTI1_IRQHandler
    startup_stm32f103xb.o(RESET) refers to main.o(i.EXTI4_IRQHandler) for EXTI4_IRQHandler
    startup_stm32f103xb.o(RESET) refers to main.o(i.EXTI9_5_IRQHandler) for EXTI9_5_IRQHandler
    startup_stm32f103xb.o(RESET) refers to main.o(i.TIM2_IRQHandler) for TIM2_IRQHandler
    startup_stm32f103xb.o(RESET) refers to main.o(i.USART1_IRQHandler) for USART1_IRQHandler
    startup_stm32f103xb.o(RESET) refers to main.o(i.USART2_IRQHandler) for USART2_IRQHandler
    startup_stm32f103xb.o(RESET) refers to main.o(i.USART3_IRQHandler) for USART3_IRQHandler
    startup_stm32f103xb.o(RESET) refers to main.o(i.EXTI15_10_IRQHandler) for EXTI15_10_IRQHandler
    startup_stm32f103xb.o(.text) refers to system_stm32f1xx.o(i.SystemInit) for SystemInit
    startup_stm32f103xb.o(.text) refers to entry.o(.ARM.Collect$$$$00000000) for __main
    main.o(i.EXTI0_IRQHandler) refers to stm32f1xx_hal_gpio.o(i.HAL_GPIO_EXTI_IRQHandler) for HAL_GPIO_EXTI_IRQHandler
    main.o(i.EXTI0_IRQHandler) refers to main.o(i.updateDataEncoder3) for updateDataEncoder3
    main.o(i.EXTI15_10_IRQHandler) refers to stm32f1xx_hal_gpio.o(i.HAL_GPIO_EXTI_IRQHandler) for HAL_GPIO_EXTI_IRQHandler
    main.o(i.EXTI15_10_IRQHandler) refers to main.o(i.updateDataEncoder1) for updateDataEncoder1
    main.o(i.EXTI15_10_IRQHandler) refers to main.o(i.updateDataEncoder2) for updateDataEncoder2
    main.o(i.EXTI1_IRQHandler) refers to stm32f1xx_hal_gpio.o(i.HAL_GPIO_EXTI_IRQHandler) for HAL_GPIO_EXTI_IRQHandler
    main.o(i.EXTI1_IRQHandler) refers to main.o(i.updateDataEncoder3) for updateDataEncoder3
    main.o(i.EXTI4_IRQHandler) refers to stm32f1xx_hal_gpio.o(i.HAL_GPIO_EXTI_IRQHandler) for HAL_GPIO_EXTI_IRQHandler
    main.o(i.EXTI4_IRQHandler) refers to main.o(i.updateDataEncoder4) for updateDataEncoder4
    main.o(i.EXTI9_5_IRQHandler) refers to stm32f1xx_hal_gpio.o(i.HAL_GPIO_EXTI_IRQHandler) for HAL_GPIO_EXTI_IRQHandler
    main.o(i.EXTI9_5_IRQHandler) refers to main.o(i.updateDataEncoder4) for updateDataEncoder4
    main.o(i.MX_GPIO_Init) refers to stm32f1xx_hal_gpio.o(i.HAL_GPIO_WritePin) for HAL_GPIO_WritePin
    main.o(i.MX_GPIO_Init) refers to stm32f1xx_hal_gpio.o(i.HAL_GPIO_Init) for HAL_GPIO_Init
    main.o(i.MX_GPIO_Init) refers to stm32f1xx_hal_cortex.o(i.HAL_NVIC_SetPriority) for HAL_NVIC_SetPriority
    main.o(i.MX_GPIO_Init) refers to stm32f1xx_hal_cortex.o(i.HAL_NVIC_EnableIRQ) for HAL_NVIC_EnableIRQ
    main.o(i.MX_TIM2_Init) refers to stm32f1xx_hal_tim.o(i.HAL_TIM_Base_Init) for HAL_TIM_Base_Init
    main.o(i.MX_TIM2_Init) refers to stm32f1xx_hal_tim.o(i.HAL_TIM_ConfigClockSource) for HAL_TIM_ConfigClockSource
    main.o(i.MX_TIM2_Init) refers to stm32f1xx_hal_tim_ex.o(i.HAL_TIMEx_MasterConfigSynchronization) for HAL_TIMEx_MasterConfigSynchronization
    main.o(i.MX_TIM2_Init) refers to main.o(.bss) for .bss
    main.o(i.MX_TIM4_Init) refers to memseta.o(.text) for __aeabi_memclr4
    main.o(i.MX_TIM4_Init) refers to stm32f1xx_hal_tim.o(i.HAL_TIM_Base_Init) for HAL_TIM_Base_Init
    main.o(i.MX_TIM4_Init) refers to stm32f1xx_hal_tim.o(i.HAL_TIM_ConfigClockSource) for HAL_TIM_ConfigClockSource
    main.o(i.MX_TIM4_Init) refers to stm32f1xx_hal_tim.o(i.HAL_TIM_PWM_Init) for HAL_TIM_PWM_Init
    main.o(i.MX_TIM4_Init) refers to stm32f1xx_hal_tim_ex.o(i.HAL_TIMEx_MasterConfigSynchronization) for HAL_TIMEx_MasterConfigSynchronization
[...]
    Removing stm32f1xx_hal_rcc_ex.o(.rrx_text), (6 bytes).
    Removing stm32f1xx_hal_rcc_ex.o(i.HAL_RCCEx_GetPeriphCLKConfig), (44 bytes).
    Removing stm32f1xx_hal_rcc_ex.o(i.HAL_RCCEx_GetPeriphCLKFreq), (200 bytes).
    Removing stm32f1xx_hal_rcc_ex.o(i.HAL_RCCEx_PeriphCLKConfig), (236 bytes).
    Removing stm32f1xx_hal_gpio.o(.rev16_text), (4 bytes).
    Removing stm32f1xx_hal_gpio.o(.revsh_text), (4 bytes).
    Removing stm32f1xx_hal_gpio.o(.rrx_text), (6 bytes).
    Removing stm32f1xx_hal_gpio.o(i.HAL_GPIO_DeInit), (252 bytes).
    Removing stm32f1xx_hal_gpio.o(i.HAL_GPIO_LockPin), (34 bytes).
    Removing stm32f1xx_hal_gpio.o(i.HAL_GPIO_ReadPin), (10 bytes).
    Removing stm32f1xx_hal_gpio.o(i.HAL_GPIO_TogglePin), (14 bytes).
    Removing stm32f1xx_hal_dma.o(.rev16_text), (4 bytes).
    Removing stm32f1xx_hal_dma.o(.revsh_text), (4 bytes).
    Removing stm32f1xx_hal_dma.o(.rrx_text), (6 bytes).
    Removing stm32f1xx_hal_dma.o(i.DMA_SetConfig), (42 bytes).
    Removing stm32f1xx_hal_dma.o(i.HAL_DMA_Abort), (70 bytes).
    Removing stm32f1xx_hal_dma.o(i.HAL_DMA_DeInit), (92 bytes).
    Removing stm32f1xx_hal_dma.o(i.HAL_DMA_GetError), (4 bytes).
    Removing stm32f1xx_hal_dma.o(i.HAL_DMA_GetState), (6 bytes).
    Removing stm32f1xx_hal_dma.o(i.HAL_DMA_IRQHandler), (340 bytes).
    Removing stm32f1xx_hal_dma.o(i.HAL_DMA_Init), (92 bytes).
    Removing stm32f1xx_hal_dma.o(i.HAL_DMA_PollForTransfer), (532 bytes).
    Removing stm32f1xx_hal_dma.o(i.HAL_DMA_RegisterCallback), (74 bytes).
    Removing stm32f1xx_hal_dma.o(i.HAL_DMA_Start), (80 bytes).
    Removing stm32f1xx_hal_dma.o(i.HAL_DMA_Start_IT), (112 bytes).
    Removing stm32f1xx_hal_dma.o(i.HAL_DMA_UnRegisterCallback), (82 bytes).
    Removing stm32f1xx_hal_cortex.o(.rev16_text), (4 bytes).
    Removing stm32f1xx_hal_cortex.o(.revsh_text), (4 bytes).
    Removing stm32f1xx_hal_cortex.o(.rrx_text), (6 bytes).
    Removing stm32f1xx_hal_cortex.o(i.HAL_NVIC_ClearPendingIRQ), (26 bytes).
    Removing stm32f1xx_hal_cortex.o(i.HAL_NVIC_DisableIRQ), (34 bytes).
    Removing stm32f1xx_hal_cortex.o(i.HAL_NVIC_GetActive), (36 bytes).
    Removing stm32f1xx_hal_cortex.o(i.HAL_NVIC_GetPendingIRQ), (36 bytes).
    Removing stm32f1xx_hal_cortex.o(i.HAL_NVIC_GetPriority), (82 bytes).
    Removing stm32f1xx_hal_cortex.o(i.HAL_NVIC_GetPriorityGrouping), (16 bytes).
    Removing stm32f1xx_hal_cortex.o(i.HAL_NVIC_SetPendingIRQ), (26 bytes).
    Removing stm32f1xx_hal_cortex.o(i.HAL_NVIC_SystemReset), (36 bytes).
    Removing stm32f1xx_hal_cortex.o(i.HAL_SYSTICK_CLKSourceConfig), (24 bytes).
    Removing stm32f1xx_hal_cortex.o(i.HAL_SYSTICK_Callback), (2 bytes).
    Removing stm32f1xx_hal_cortex.o(i.HAL_SYSTICK_IRQHandler), (8 bytes).
    Removing stm32f1xx_hal_pwr.o(.rev16_text), (4 bytes).
    Removing stm32f1xx_hal_pwr.o(.revsh_text), (4 bytes).
    Removing stm32f1xx_hal_pwr.o(.rrx_text), (6 bytes).
    Removing stm32f1xx_hal_pwr.o(i.HAL_PWR_ConfigPVD), (124 bytes).
    Removing stm32f1xx_hal_pwr.o(i.HAL_PWR_DeInit), (24 bytes).
    Removing stm32f1xx_hal_pwr.o(i.HAL_PWR_DisableBkUpAccess), (12 bytes).
    Removing stm32f1xx_hal_pwr.o(i.HAL_PWR_DisablePVD), (12 bytes).
    Removing stm32f1xx_hal_pwr.o(i.HAL_PWR_DisableSEVOnPend), (16 bytes).
    Removing stm32f1xx_hal_pwr.o(i.HAL_PWR_DisableSleepOnExit), (16 bytes).
    Removing stm32f1xx_hal_pwr.o(i.HAL_PWR_DisableWakeUpPin), (28 bytes).
    Removing stm32f1xx_hal_pwr.o(i.HAL_PWR_EnableBkUpAccess), (12 bytes).
    Removing stm32f1xx_hal_pwr.o(i.HAL_PWR_EnablePVD), (12 bytes).
    Removing stm32f1xx_hal_pwr.o(i.HAL_PWR_EnableSEVOnPend), (16 bytes).
    Removing stm32f1xx_hal_pwr.o(i.HAL_PWR_EnableSleepOnExit), (16 bytes).
    Removing stm32f1xx_hal_pwr.o(i.HAL_PWR_EnableWakeUpPin), (28 bytes).
    Removing stm32f1xx_hal_pwr.o(i.HAL_PWR_EnterSLEEPMode), (32 bytes).
    Removing stm32f1xx_hal_pwr.o(i.HAL_PWR_EnterSTANDBYMode), (32 bytes).
    Removing stm32f1xx_hal_pwr.o(i.HAL_PWR_EnterSTOPMode), (68 bytes).
    Removing stm32f1xx_hal_pwr.o(i.HAL_PWR_PVDCallback), (2 bytes).
    Removing stm32f1xx_hal_pwr.o(i.HAL_PWR_PVD_IRQHandler), (28 bytes).
    Removing stm32f1xx_hal_pwr.o(i.PWR_OverloadWfe), (6 bytes).
    Removing stm32f1xx_hal_flash.o(.rev16_text), (4 bytes).
    Removing stm32f1xx_hal_flash.o(.revsh_text), (4 bytes).
    Removing stm32f1xx_hal_flash.o(.rrx_text), (6 bytes).
    Removing stm32f1xx_hal_flash.o(i.FLASH_WaitForLastOperation), (84 bytes).
    Removing stm32f1xx_hal_flash.o(i.HAL_FLASH_GetError), (12 bytes).
    Removing stm32f1xx_hal_flash.o(i.HAL_FLASH_Lock), (20 bytes).
    Removing stm32f1xx_hal_flash.o(i.HAL_FLASH_OB_Launch), (4 bytes).
    Removing stm32f1xx_hal_flash.o(i.HAL_FLASH_OB_Lock), (20 bytes).
    Removing stm32f1xx_hal_flash.o(i.HAL_FLASH_OB_Unlock), (36 bytes).
    Removing stm32f1xx_hal_flash.o(i.HAL_FLASH_Program), (128 bytes).
    Removing stm32f1xx_hal_flash.o(i.HAL_FLASH_Program_IT), (100 bytes).
    Removing stm32f1xx_hal_flash.o(i.HAL_FLASH_Unlock), (40 bytes).
    Removing stm32f1xx_hal_flash_ex.o(.rev16_text), (4 bytes).
    Removing stm32f1xx_hal_flash_ex.o(.revsh_text), (4 bytes).
    Removing stm32f1xx_hal_flash_ex.o(.rrx_text), (6 bytes).
    Removing stm32f1xx_hal_flash_ex.o(i.FLASH_MassErase), (36 bytes).
    Removing stm32f1xx_hal_flash_ex.o(i.FLASH_OB_DisableWRP), (176 bytes).
    Removing stm32f1xx_hal_flash_ex.o(i.FLASH_OB_EnableWRP), (176 bytes).
    Removing stm32f1xx_hal_flash_ex.o(i.FLASH_OB_GetRDP), (24 bytes).
    Removing stm32f1xx_hal_flash_ex.o(i.FLASH_OB_RDP_LevelConfig), (100 bytes).
    Removing stm32f1xx_hal_flash_ex.o(i.HAL_FLASHEx_Erase), (168 bytes).
    Removing stm32f1xx_hal_flash_ex.o(i.HAL_FLASHEx_Erase_IT), (84 bytes).
    Removing stm32f1xx_hal_flash_ex.o(i.HAL_FLASHEx_OBErase), (84 bytes).
    Removing stm32f1xx_hal_flash_ex.o(i.HAL_FLASHEx_OBGetConfig), (36 bytes).
    Removing stm32f1xx_hal_flash_ex.o(i.HAL_FLASHEx_OBGetUserData), (32 bytes).
    Removing stm32f1xx_hal_flash_ex.o(i.HAL_FLASHEx_OBProgram), (200 bytes).
    Removing stm32f1xx_hal_exti.o(.rev16_text), (4 bytes).
    Removing stm32f1xx_hal_exti.o(.revsh_text), (4 bytes).
    Removing stm32f1xx_hal_exti.o(.rrx_text), (6 bytes).
    Removing stm32f1xx_hal_exti.o(i.HAL_EXTI_ClearConfigLine), (104 bytes).
    Removing stm32f1xx_hal_exti.o(i.HAL_EXTI_ClearPending), (20 bytes).
    Removing stm32f1xx_hal_exti.o(i.HAL_EXTI_GenerateSWI), (20 bytes).
    Removing stm32f1xx_hal_exti.o(i.HAL_EXTI_GetConfigLine), (152 bytes).
    Removing stm32f1xx_hal_exti.o(i.HAL_EXTI_GetHandle), (12 bytes).
    Removing stm32f1xx_hal_exti.o(i.HAL_EXTI_GetPending), (24 bytes).
    Removing stm32f1xx_hal_exti.o(i.HAL_EXTI_IRQHandler), (36 bytes).
    Removing stm32f1xx_hal_exti.o(i.HAL_EXTI_RegisterCallback), (14 bytes).
    Removing stm32f1xx_hal_exti.o(i.HAL_EXTI_SetConfigLine), (164 bytes).
    Removing stm32f1xx_hal_uart.o(.rev16_text), (4 bytes).
    Removing stm32f1xx_hal_uart.o(.revsh_text), (4 bytes).
    Removing stm32f1xx_hal_uart.o(.rrx_text), (6 bytes).
    Removing stm32f1xx_hal_uart.o(i.HAL_HalfDuplex_EnableReceiver), (50 bytes).
    Removing stm32f1xx_hal_uart.o(i.HAL_HalfDuplex_EnableTransmitter), (50 bytes).
    Removing stm32f1xx_hal_uart.o(i.HAL_HalfDuplex_Init), (108 bytes).
    Removing stm32f1xx_hal_uart.o(i.HAL_LIN_Init), (128 bytes).
    Removing stm32f1xx_hal_uart.o(i.HAL_LIN_SendBreak), (46 bytes).
    Removing stm32f1xx_hal_uart.o(i.HAL_MultiProcessor_EnterMuteMode), (46 bytes).
    Removing stm32f1xx_hal_uart.o(i.HAL_MultiProcessor_ExitMuteMode), (46 bytes).
    Removing stm32f1xx_hal_uart.o(i.HAL_MultiProcessor_Init), (142 bytes).
    Removing stm32f1xx_hal_uart.o(i.HAL_UART_Abort), (138 bytes).
    Removing stm32f1xx_hal_uart.o(i.HAL_UART_AbortCpltCallback), (2 bytes).
    Removing stm32f1xx_hal_uart.o(i.HAL_UART_AbortReceive), (88 bytes).
    Removing stm32f1xx_hal_uart.o(i.HAL_UART_AbortReceiveCpltCallback), (2 bytes).
    Removing stm32f1xx_hal_uart.o(i.HAL_UART_AbortReceive_IT), (92 bytes).
    Removing stm32f1xx_hal_uart.o(i.HAL_UART_AbortTransmit), (78 bytes).
    Removing stm32f1xx_hal_uart.o(i.HAL_UART_AbortTransmitCpltCallback), (2 bytes).
    Removing stm32f1xx_hal_uart.o(i.HAL_UART_AbortTransmit_IT), (84 bytes).
    Removing stm32f1xx_hal_uart.o(i.HAL_UART_Abort_IT), (172 bytes).
    Removing stm32f1xx_hal_uart.o(i.HAL_UART_DMAPause), (102 bytes).
    Removing stm32f1xx_hal_uart.o(i.HAL_UART_DMAResume), (94 bytes).
    Removing stm32f1xx_hal_uart.o(i.HAL_UART_DMAStop), (88 bytes).
    Removing stm32f1xx_hal_uart.o(i.HAL_UART_DeInit), (50 bytes).
    Removing stm32f1xx_hal_uart.o(i.HAL_UART_GetError), (4 bytes).
    Removing stm32f1xx_hal_uart.o(i.HAL_UART_GetState), (10 bytes).
    Removing stm32f1xx_hal_uart.o(i.HAL_UART_MspDeInit), (2 bytes).
    Removing stm32f1xx_hal_uart.o(i.HAL_UART_MspInit), (2 bytes).
    Removing stm32f1xx_hal_uart.o(i.HAL_UART_Receive), (184 bytes).
    Removing stm32f1xx_hal_uart.o(i.HAL_UART_Receive_DMA), (152 bytes).
    Removing stm32f1xx_hal_uart.o(i.HAL_UART_RxHalfCpltCallback), (2 bytes).
    Removing stm32f1xx_hal_uart.o(i.HAL_UART_Transmit), (186 bytes).
    Removing stm32f1xx_hal_uart.o(i.HAL_UART_Transmit_DMA), (128 bytes).
    Removing stm32f1xx_hal_uart.o(i.HAL_UART_TxHalfCpltCallback), (2 bytes).
    Removing stm32f1xx_hal_uart.o(i.UART_DMAError), (74 bytes).
    Removing stm32f1xx_hal_uart.o(i.UART_DMAReceiveCplt), (60 bytes).
    Removing stm32f1xx_hal_uart.o(i.UART_DMARxAbortCallback), (42 bytes).
    Removing stm32f1xx_hal_uart.o(i.UART_DMARxHalfCplt), (10 bytes).
    Removing stm32f1xx_hal_uart.o(i.UART_DMARxOnlyAbortCallback), (20 bytes).
    Removing stm32f1xx_hal_uart.o(i.UART_DMATransmitCplt), (46 bytes).
    Removing stm32f1xx_hal_uart.o(i.UART_DMATxAbortCallback), (42 bytes).
    Removing stm32f1xx_hal_uart.o(i.UART_DMATxHalfCplt), (10 bytes).
    Removing stm32f1xx_hal_uart.o(i.UART_DMATxOnlyAbortCallback), (20 bytes).
    Removing stm32f1xx_hal_uart.o(i.UART_EndTxTransfer), (18 bytes).
    Removing stm32f1xx_hal_uart.o(i.UART_WaitOnFlagUntilTimeout), (100 bytes).
    Removing system_stm32f1xx.o(.rev16_text), (4 bytes).
    Removing system_stm32f1xx.o(.revsh_text), (4 bytes).
    Removing system_stm32f1xx.o(.rrx_text), (6 bytes).
    Removing system_stm32f1xx.o(i.SystemCoreClockUpdate), (104 bytes).
    Removing cdcmple.o(.text), (48 bytes).

364 unused section(s) (total 19872 bytes) removed from the image.

==============================================================================

Image Symbol Table

    Local Symbols

    Symbol Name                              Value     Ov Type        Size  Object(Section)

    ../Drivers/STM32F1xx_HAL_Driver/Src/stm32f1xx_hal.c 0x00000000   Number         0  stm32f1xx_hal.o ABSOLUTE
    ../Drivers/STM32F1xx_HAL_Driver/Src/stm32f1xx_hal_cortex.c 0x00000000   Number         0  stm32f1xx_hal_cortex.o ABSOLUTE
    ../Drivers/STM32F1xx_HAL_Driver/Src/stm32f1xx_hal_dma.c 0x00000000   Number         0  stm32f1xx_hal_dma.o ABSOLUTE
    ../Drivers/STM32F1xx_HAL_Driver/Src/stm32f1xx_hal_exti.c 0x00000000   Number         0  stm32f1xx_hal_exti.o ABSOLUTE
    ../Drivers/STM32F1xx_HAL_Driver/Src/stm32f1xx_hal_flash.c 0x00000000   Number         0  stm32f1xx_hal_flash.o ABSOLUTE
    ../Drivers/STM32F1xx_HAL_Driver/Src/stm32f1xx_hal_flash_ex.c 0x00000000   Number         0  stm32f1xx_hal_flash_ex.o ABSOLUTE
    ../Drivers/STM32F1xx_HAL_Driver/Src/stm32f1xx_hal_gpio.c 0x00000000   Number         0  stm32f1xx_hal_gpio.o ABSOLUTE
    ../Drivers/STM32F1xx_HAL_Driver/Src/stm32f1xx_hal_gpio_ex.c 0x00000000   Number         0  stm32f1xx_hal_gpio_ex.o ABSOLUTE
    ../Drivers/STM32F1xx_HAL_Driver/Src/stm32f1xx_hal_pwr.c 0x00000000   Number         0  stm32f1xx_hal_pwr.o ABSOLUTE
    ../Drivers/STM32F1xx_HAL_Driver/Src/stm32f1xx_hal_rcc.c 0x00000000   Number         0  stm32f1xx_hal_rcc.o ABSOLUTE
    ../Drivers/STM32F1xx_HAL_Driver/Src/stm32f1xx_hal_rcc_ex.c 0x00000000   Number         0  stm32f1xx_hal_rcc_ex.o ABSOLUTE
    ../Drivers/STM32F1xx_HAL_Driver/Src/stm32f1xx_hal_tim.c 0x00000000   Number         0  stm32f1xx_hal_tim.o ABSOLUTE
    ../Drivers/STM32F1xx_HAL_Driver/Src/stm32f1xx_hal_tim_ex.c 0x00000000   Number         0  stm32f1xx_hal_tim_ex.o ABSOLUTE
    ../Drivers/STM32F1xx_HAL_Driver/Src/stm32f1xx_hal_uart.c 0x00000000   Number         0  stm32f1xx_hal_uart.o ABSOLUTE
    ../Src/main.c                            0x00000000   Number         0  main.o ABSOLUTE
    ../Src/stm32f1xx_hal_msp.c               0x00000000   Number         0  stm32f1xx_hal_msp.o ABSOLUTE
    ../Src/stm32f1xx_it.c                    0x00000000   Number         0  stm32f1xx_it.o ABSOLUTE
    ../Src/system_stm32f1xx.c                0x00000000   Number         0  system_stm32f1xx.o ABSOLUTE
    ../clib/microlib/errno.c                 0x00000000   Number         0  errno.o ABSOLUTE
    ../clib/microlib/init/entry.s            0x00000000   Number         0  entry8a.o ABSOLUTE
    ../clib/microlib/init/entry.s            0x00000000   Number         0  entry2.o ABSOLUTE
    ../clib/microlib/init/entry.s            0x00000000   Number         0  entry5.o ABSOLUTE
    ../clib/microlib/init/entry.s            0x00000000   Number         0  entry9b.o ABSOLUTE
    ../clib/microlib/init/entry.s            0x00000000   Number         0  entry7a.o ABSOLUTE
    ../clib/microlib/init/entry.s            0x00000000   Number         0  entry.o ABSOLUTE
    ../clib/microlib/init/entry.s            0x00000000   Number         0  entry7b.o ABSOLUTE
    ../clib/microlib/init/entry.s            0x00000000   Number         0  entry11b.o ABSOLUTE
    ../clib/microlib/init/entry.s            0x00000000   Number         0  entry11a.o ABSOLUTE
    ../clib/microlib/init/entry.s            0x00000000   Number         0  entry10b.o ABSOLUTE
    ../clib/microlib/init/entry.s            0x00000000   Number         0  entry10a.o ABSOLUTE
    ../clib/microlib/init/entry.s            0x00000000   Number         0  entry9a.o ABSOLUTE
    ../clib/microlib/init/entry.s            0x00000000   Number         0  entry8b.o ABSOLUTE
    ../clib/microlib/longlong.c              0x00000000   Number         0  llushr.o ABSOLUTE
    ../clib/microlib/longlong.c              0x00000000   Number         0  llsshr.o ABSOLUTE
    ../clib/microlib/longlong.c              0x00000000   Number         0  llshl.o ABSOLUTE
    ../clib/microlib/string/memset.c         0x00000000   Number         0  memseta.o ABSOLUTE
    ../clib/microlib/stubs.s                 0x00000000   Number         0  iusefp.o ABSOLUTE
    ../fplib/microlib/d2f.c                  0x00000000   Number         0  d2f.o ABSOLUTE
    ../fplib/microlib/f2d.c                  0x00000000   Number         0  f2d.o ABSOLUTE
    ../fplib/microlib/fpadd.c                0x00000000   Number         0  dadd.o ABSOLUTE
    ../fplib/microlib/fpadd.c                0x00000000   Number         0  fadd.o ABSOLUTE
    ../fplib/microlib/fpdiv.c                0x00000000   Number         0  fdiv.o ABSOLUTE
    ../fplib/microlib/fpdiv.c                0x00000000   Number         0  ddiv.o ABSOLUTE
    ../fplib/microlib/fpepilogue.c           0x00000000   Number         0  fepilogue.o ABSOLUTE
    ../fplib/microlib/fpepilogue.c           0x00000000   Number         0  depilogue.o ABSOLUTE
    ../fplib/microlib/fpfix.c                0x00000000   Number         0  ffixi.o ABSOLUTE
    ../fplib/microlib/fpfix.c                0x00000000   Number         0  dfixi.o ABSOLUTE
    ../fplib/microlib/fpflt.c                0x00000000   Number         0  dflti.o ABSOLUTE
    ../fplib/microlib/fpflt.c                0x00000000   Number         0  fflti.o ABSOLUTE
    ../fplib/microlib/fpflt.c                0x00000000   Number         0  dfltui.o ABSOLUTE
    ../fplib/microlib/fpmul.c                0x00000000   Number         0  fmul.o ABSOLUTE
    ../fplib/microlib/fpmul.c                0x00000000   Number         0  dmul.o ABSOLUTE
    ../fplib/microlib/fpscalb.c              0x00000000   Number         0  dscalb.o ABSOLUTE
    ../fplib/microlib/fpsqrt.c               0x00000000   Number         0  dsqrt.o ABSOLUTE
    ../mathlib/cos.c                         0x00000000   Number         0  cos.o ABSOLUTE
    ../mathlib/cos.c                         0x00000000   Number         0  cos_x.o ABSOLUTE
    ../mathlib/cos_i.c                       0x00000000   Number         0  cos_i.o ABSOLUTE
    ../mathlib/dunder.c                      0x00000000   Number         0  dunder.o ABSOLUTE
    ../mathlib/fpclassify.c                  0x00000000   Number         0  fpclassify.o ABSOLUTE
    ../mathlib/poly.c                        0x00000000   Number         0  poly.o ABSOLUTE
    ../mathlib/rred.c                        0x00000000   Number         0  rred.o ABSOLUTE
    ../mathlib/sin.c                         0x00000000   Number         0  sin.o ABSOLUTE
    ../mathlib/sin.c                         0x00000000   Number         0  sin_x.o ABSOLUTE
    ../mathlib/sin_i.c                       0x00000000   Number         0  sin_i.o ABSOLUTE
    ../mathlib/sin_i.c                       0x00000000   Number         0  sin_i_x.o ABSOLUTE
    ../mathlib/sqrt.c                        0x00000000   Number         0  sqrt.o ABSOLUTE
    ../mathlib/sqrt.c                        0x00000000   Number         0  sqrt_x.o ABSOLUTE
    ..\Drivers\STM32F1xx_HAL_Driver\Src\stm32f1xx_hal.c 0x00000000   Number         0  stm32f1xx_hal.o ABSOLUTE
    ..\Drivers\STM32F1xx_HAL_Driver\Src\stm32f1xx_hal_cortex.c 0x00000000   Number         0  stm32f1xx_hal_cortex.o ABSOLUTE
    ..\Drivers\STM32F1xx_HAL_Driver\Src\stm32f1xx_hal_dma.c 0x00000000   Number         0  stm32f1xx_hal_dma.o ABSOLUTE
    ..\Drivers\STM32F1xx_HAL_Driver\Src\stm32f1xx_hal_exti.c 0x00000000   Number         0  stm32f1xx_hal_exti.o ABSOLUTE
    ..\Drivers\STM32F1xx_HAL_Driver\Src\stm32f1xx_hal_flash.c 0x00000000   Number         0  stm32f1xx_hal_flash.o ABSOLUTE
    ..\Drivers\STM32F1xx_HAL_Driver\Src\stm32f1xx_hal_flash_ex.c 0x00000000   Number         0  stm32f1xx_hal_flash_ex.o ABSOLUTE
    ..\Drivers\STM32F1xx_HAL_Driver\Src\stm32f1xx_hal_gpio.c 0x00000000   Number         0  stm32f1xx_hal_gpio.o ABSOLUTE
    ..\Drivers\STM32F1xx_HAL_Driver\Src\stm32f1xx_hal_gpio_ex.c 0x00000000   Number         0  stm32f1xx_hal_gpio_ex.o ABSOLUTE
    ..\Drivers\STM32F1xx_HAL_Driver\Src\stm32f1xx_hal_pwr.c 0x00000000   Number         0  stm32f1xx_hal_pwr.o ABSOLUTE
    ..\Drivers\STM32F1xx_HAL_Driver\Src\stm32f1xx_hal_rcc.c 0x00000000   Number         0  stm32f1xx_hal_rcc.o ABSOLUTE
    ..\Drivers\STM32F1xx_HAL_Driver\Src\stm32f1xx_hal_rcc_ex.c 0x00000000   Number         0  stm32f1xx_hal_rcc_ex.o ABSOLUTE
    ..\Drivers\STM32F1xx_HAL_Driver\Src\stm32f1xx_hal_tim.c 0x00000000   Number         0  stm32f1xx_hal_tim.o ABSOLUTE
    ..\Drivers\STM32F1xx_HAL_Driver\Src\stm32f1xx_hal_tim_ex.c 0x00000000   Number         0  stm32f1xx_hal_tim_ex.o ABSOLUTE
    ..\Drivers\STM32F1xx_HAL_Driver\Src\stm32f1xx_hal_uart.c 0x00000000   Number         0  stm32f1xx_hal_uart.o ABSOLUTE
    ..\Src\main.c                            0x00000000   Number         0  main.o ABSOLUTE
    ..\Src\stm32f1xx_hal_msp.c               0x00000000   Number         0  stm32f1xx_hal_msp.o ABSOLUTE
    ..\Src\stm32f1xx_it.c                    0x00000000   Number         0  stm32f1xx_it.o ABSOLUTE
    ..\Src\system_stm32f1xx.c                0x00000000   Number         0  system_stm32f1xx.o ABSOLUTE
    cdcmple.s                                0x00000000   Number         0  cdcmple.o ABSOLUTE
    dc.s                                     0x00000000   Number         0  dc.o ABSOLUTE
    handlers.s                               0x00000000   Number         0  handlers.o ABSOLUTE
    init.s                                   0x00000000   Number         0  init.o ABSOLUTE
    startup_stm32f103xb.s                    0x00000000   Number         0  startup_stm32f103xb.o ABSOLUTE
    RESET                                    0x08000000   Section      236  startup_stm32f103xb.o(RESET)
    .ARM.Collect$$$$00000000                 0x080000ec   Section        0  entry.o(.ARM.Collect$$$$00000000)
    .ARM.Collect$$$$00000001                 0x080000ec   Section        4  entry2.o(.ARM.Collect$$$$00000001)
    .ARM.Collect$$$$00000004                 0x080000f0   Section        4  entry5.o(.ARM.Collect$$$$00000004)
    .ARM.Collect$$$$00000008                 0x080000f4   Section        0  entry7b.o(.ARM.Collect$$$$00000008)
    .ARM.Collect$$$$0000000A                 0x080000f4   Section        0  entry8b.o(.ARM.Collect$$$$0000000A)
    .ARM.Collect$$$$0000000B                 0x080000f4   Section        8  entry9a.o(.ARM.Collect$$$$0000000B)
    .ARM.Collect$$$$0000000D                 0x080000fc   Section        0  entry10a.o(.ARM.Collect$$$$0000000D)
    .ARM.Collect$$$$0000000F                 0x080000fc   Section        0  entry11a.o(.ARM.Collect$$$$0000000F)
    .ARM.Collect$$$$00002712                 0x080000fc   Section        4  entry2.o(.ARM.Collect$$$$00002712)
    __lit__00000000                          0x080000fc   Data           4  entry2.o(.ARM.Collect$$$$00002712)
    .text                                    0x08000100   Section       36  startup_stm32f103xb.o(.text)
    .text                                    0x08000124   Section        0  llushr.o(.text)
    .text                                    0x08000144   Section        0  memseta.o(.text)
    .text                                    0x08000168   Section        0  fadd.o(.text)
    .text                                    0x08000218   Section        0  fmul.o(.text)
    .text                                    0x0800027c   Section        0  fdiv.o(.text)
    .text                                    0x080002f8   Section        0  dadd.o(.text)
    .text                                    0x08000446   Section        0  dmul.o(.text)
    .text                                    0x0800052a   Section        0  ddiv.o(.text)
    .text                                    0x08000608   Section        0  dscalb.o(.text)
    .text                                    0x08000636   Section        0  fflti.o(.text)
    .text                                    0x08000648   Section        0  dflti.o(.text)
    .text                                    0x0800066a   Section        0  ffixi.o(.text)
    .text                                    0x0800069c   Section        0  dfixi.o(.text)
    .text                                    0x080006da   Section        0  f2d.o(.text)
    .text                                    0x08000700   Section        0  d2f.o(.text)
    .text                                    0x08000738   Section        0  llshl.o(.text)
    .text                                    0x08000756   Section        0  llsshr.o(.text)
    .text                                    0x0800077a   Section        0  fepilogue.o(.text)
    .text                                    0x0800077a   Section        0  iusefp.o(.text)
    .text                                    0x080007e8   Section        0  depilogue.o(.text)
    .text                                    0x080008a2   Section        0  dsqrt.o(.text)
    .text                                    0x08000944   Section       36  init.o(.text)
    .text                                    0x08000968   Section        0  dfltui.o(.text)
    i.BusFault_Handler                       0x08000982   Section        0  stm32f1xx_it.o(i.BusFault_Handler)
    i.DebugMon_Handler                       0x08000984   Section        0  stm32f1xx_it.o(i.DebugMon_Handler)
    i.EXTI0_IRQHandler                       0x08000986   Section        0  main.o(i.EXTI0_IRQHandler)
    i.EXTI15_10_IRQHandler                   0x08000996   Section        0  main.o(i.EXTI15_10_IRQHandler)
    i.EXTI1_IRQHandler                       0x080009c4   Section        0  main.o(i.EXTI1_IRQHandler)
    i.EXTI4_IRQHandler                       0x080009d4   Section        0  main.o(i.EXTI4_IRQHandler)
    i.EXTI9_5_IRQHandler                     0x080009e4   Section        0  main.o(i.EXTI9_5_IRQHandler)
    i.FLASH_IRQHandler                       0x080009f4   Section        0  stm32f1xx_it.o(i.FLASH_IRQHandler)
    i.FLASH_PageErase                        0x080009f8   Section        0  stm32f1xx_hal_flash_ex.o(i.FLASH_PageErase)
    i.FLASH_Program_HalfWord                 0x08000a1c   Section        0  stm32f1xx_hal_flash.o(i.FLASH_Program_HalfWord)
    FLASH_Program_HalfWord                   0x08000a1d   Thumb Code    20  stm32f1xx_hal_flash.o(i.FLASH_Program_HalfWord)
    i.FLASH_SetErrorCode                     0x08000a38   Section        0  stm32f1xx_hal_flash.o(i.FLASH_SetErrorCode)
    FLASH_SetErrorCode                       0x08000a39   Thumb Code    84  stm32f1xx_hal_flash.o(i.FLASH_SetErrorCode)
    i.HAL_DMA_Abort_IT                       0x08000a94   Section        0  stm32f1xx_hal_dma.o(i.HAL_DMA_Abort_IT)
    i.HAL_FLASH_EndOfOperationCallback       0x08000b2c   Section        0  stm32f1xx_hal_flash.o(i.HAL_FLASH_EndOfOperationCallback)
    i.HAL_FLASH_IRQHandler                   0x08000b30   Section        0  stm32f1xx_hal_flash.o(i.HAL_FLASH_IRQHandler)
    i.HAL_FLASH_OperationErrorCallback       0x08000c38   Section        0  stm32f1xx_hal_flash.o(i.HAL_FLASH_OperationErrorCallback)
    i.HAL_GPIO_EXTI_Callback                 0x08000c3a   Section        0  stm32f1xx_hal_gpio.o(i.HAL_GPIO_EXTI_Callback)
    i.HAL_GPIO_EXTI_IRQHandler               0x08000c3c   Section        0  stm32f1xx_hal_gpio.o(i.HAL_GPIO_EXTI_IRQHandler)
    i.HAL_GPIO_Init                          0x08000c54   Section        0  stm32f1xx_hal_gpio.o(i.HAL_GPIO_Init)
    i.HAL_GPIO_WritePin                      0x08000e34   Section        0  stm32f1xx_hal_gpio.o(i.HAL_GPIO_WritePin)
    i.HAL_GetTick                            0x08000e40   Section        0  stm32f1xx_hal.o(i.HAL_GetTick)
    i.HAL_IncTick                            0x08000e4c   Section        0  stm32f1xx_hal.o(i.HAL_IncTick)
    i.HAL_Init                               0x08000e5c   Section        0  stm32f1xx_hal.o(i.HAL_Init)
    i.HAL_InitTick                           0x08000e80   Section        0  stm32f1xx_hal.o(i.HAL_InitTick)
    i.HAL_MspInit                            0x08000ec0   Section        0  stm32f1xx_hal_msp.o(i.HAL_MspInit)
    i.HAL_NVIC_EnableIRQ                     0x08000f1c   Section        0  stm32f1xx_hal_cortex.o(i.HAL_NVIC_EnableIRQ)
    i.HAL_NVIC_SetPriority                   0x08000f38   Section        0  stm32f1xx_hal_cortex.o(i.HAL_NVIC_SetPriority)
    i.HAL_NVIC_SetPriorityGrouping           0x08000f78   Section        0  stm32f1xx_hal_cortex.o(i.HAL_NVIC_SetPriorityGrouping)
    i.HAL_RCC_ClockConfig                    0x08000f9c   Section        0  stm32f1xx_hal_rcc.o(i.HAL_RCC_ClockConfig)
    i.HAL_RCC_GetPCLK1Freq                   0x080010c8   Section        0  stm32f1xx_hal_rcc.o(i.HAL_RCC_GetPCLK1Freq)
    i.HAL_RCC_GetPCLK2Freq                   0x080010e8   Section        0  stm32f1xx_hal_rcc.o(i.HAL_RCC_GetPCLK2Freq)
    i.HAL_RCC_GetSysClockFreq                0x08001108   Section        0  stm32f1xx_hal_rcc.o(i.HAL_RCC_GetSysClockFreq)
    i.HAL_RCC_OscConfig                      0x08001174   Section        0  stm32f1xx_hal_rcc.o(i.HAL_RCC_OscConfig)
    i.HAL_SYSTICK_Config                     0x08001494   Section        0  stm32f1xx_hal_cortex.o(i.HAL_SYSTICK_Config)
    i.HAL_TIMEx_BreakCallback                0x080014bc   Section        0  stm32f1xx_hal_tim_ex.o(i.HAL_TIMEx_BreakCallback)
    i.HAL_TIMEx_CommutCallback               0x080014be   Section        0  stm32f1xx_hal_tim_ex.o(i.HAL_TIMEx_CommutCallback)
    i.HAL_TIMEx_MasterConfigSynchronization  0x080014c0   Section        0  stm32f1xx_hal_tim_ex.o(i.HAL_TIMEx_MasterConfigSynchronization)
    i.HAL_TIM_Base_Init                      0x08001502   Section        0  stm32f1xx_hal_tim.o(i.HAL_TIM_Base_Init)
    i.HAL_TIM_Base_MspInit                   0x08001538   Section        0  stm32f1xx_hal_msp.o(i.HAL_TIM_Base_MspInit)
    i.HAL_TIM_ConfigClockSource              0x08001598   Section        0  stm32f1xx_hal_tim.o(i.HAL_TIM_ConfigClockSource)
    i.HAL_TIM_IC_CaptureCallback             0x0800166e   Section        0  stm32f1xx_hal_tim.o(i.HAL_TIM_IC_CaptureCallback)
    i.HAL_TIM_IRQHandler                     0x08001670   Section        0  stm32f1xx_hal_tim.o(i.HAL_TIM_IRQHandler)
    i.HAL_TIM_MspPostInit                    0x080017d8   Section        0  stm32f1xx_hal_msp.o(i.HAL_TIM_MspPostInit)
    i.HAL_TIM_OC_DelayElapsedCallback        0x08001824   Section        0  stm32f1xx_hal_tim.o(i.HAL_TIM_OC_DelayElapsedCallback)
    i.HAL_TIM_PWM_ConfigChannel              0x08001826   Section        0  stm32f1xx_hal_tim.o(i.HAL_TIM_PWM_ConfigChannel)
    i.HAL_TIM_PWM_Init                       0x080018f6   Section        0  stm32f1xx_hal_tim.o(i.HAL_TIM_PWM_Init)
    i.HAL_TIM_PWM_MspInit                    0x0800192c   Section        0  stm32f1xx_hal_tim.o(i.HAL_TIM_PWM_MspInit)
    i.HAL_TIM_PWM_PulseFinishedCallback      0x0800192e   Section        0  stm32f1xx_hal_tim.o(i.HAL_TIM_PWM_PulseFinishedCallback)
    i.HAL_TIM_PWM_Start                      0x08001930   Section        0  stm32f1xx_hal_tim.o(i.HAL_TIM_PWM_Start)
    i.HAL_TIM_PeriodElapsedCallback          0x08001968   Section        0  stm32f1xx_hal_tim.o(i.HAL_TIM_PeriodElapsedCallback)
    i.HAL_TIM_TriggerCallback                0x0800196a   Section        0  stm32f1xx_hal_tim.o(i.HAL_TIM_TriggerCallback)
    i.HAL_UART_ErrorCallback                 0x0800196c   Section        0  stm32f1xx_hal_uart.o(i.HAL_UART_ErrorCallback)
    i.HAL_UART_IRQHandler                    0x08001970   Section        0  stm32f1xx_hal_uart.o(i.HAL_UART_IRQHandler)
    i.HAL_UART_Init                          0x08001a80   Section        0  stm32f1xx_hal_uart.o(i.HAL_UART_Init)
    i.HAL_UART_MspInit                       0x08001ae4   Section        0  stm32f1xx_hal_msp.o(i.HAL_UART_MspInit)
    i.HAL_UART_Receive_IT                    0x08001c18   Section        0  stm32f1xx_hal_uart.o(i.HAL_UART_Receive_IT)
    i.HAL_UART_RxCpltCallback                0x08001c6a   Section        0  stm32f1xx_hal_uart.o(i.HAL_UART_RxCpltCallback)
    i.HAL_UART_Transmit_IT                   0x08001c6c   Section        0  stm32f1xx_hal_uart.o(i.HAL_UART_Transmit_IT)
    i.HAL_UART_TxCpltCallback                0x08001caa   Section        0  stm32f1xx_hal_uart.o(i.HAL_UART_TxCpltCallback)
    i.HardFault_Handler                      0x08001cac   Section        0  stm32f1xx_it.o(i.HardFault_Handler)
    i.MX_GPIO_Init                           0x08001cb0   Section        0  main.o(i.MX_GPIO_Init)
    MX_GPIO_Init                             0x08001cb1   Thumb Code   272  main.o(i.MX_GPIO_Init)
    i.MX_TIM2_Init                           0x08001dd4   Section        0  main.o(i.MX_TIM2_Init)
    MX_TIM2_Init                             0x08001dd5   Thumb Code    76  main.o(i.MX_TIM2_Init)
    i.MX_TIM4_Init                           0x08001e24   Section        0  main.o(i.MX_TIM4_Init)
    MX_TIM4_Init                             0x08001e25   Thumb Code   114  main.o(i.MX_TIM4_Init)
    i.MemManage_Handler                      0x08001ea0   Section        0  stm32f1xx_it.o(i.MemManage_Handler)
    i.NMI_Handler                            0x08001ea2   Section        0  stm32f1xx_it.o(i.NMI_Handler)
    i.PendSV_Handler                         0x08001ea4   Section        0  stm32f1xx_it.o(i.PendSV_Handler)
    i.RCC_IRQHandler                         0x08001ea6   Section        0  stm32f1xx_it.o(i.RCC_IRQHandler)
    i.SVC_Handler                            0x08001ea8   Section        0  stm32f1xx_it.o(i.SVC_Handler)
    i.SysTick_Handler                        0x08001eaa   Section        0  stm32f1xx_it.o(i.SysTick_Handler)
    i.SystemClock_Config                     0x08001eae   Section        0  main.o(i.SystemClock_Config)
    i.SystemInit                             0x08001efc   Section        0  system_stm32f1xx.o(i.SystemInit)
    i.TIM2_IRQHandler                        0x08001f44   Section        0  main.o(i.TIM2_IRQHandler)
    i.TIM_Base_SetConfig                     0x08001f50   Section        0  stm32f1xx_hal_tim.o(i.TIM_Base_SetConfig)
    i.TIM_CCxChannelCmd                      0x08001fbc   Section        0  stm32f1xx_hal_tim.o(i.TIM_CCxChannelCmd)
    i.TIM_ETR_SetConfig                      0x08001fd6   Section        0  stm32f1xx_hal_tim.o(i.TIM_ETR_SetConfig)
    i.TIM_ITRx_SetConfig                     0x08001fea   Section        0  stm32f1xx_hal_tim.o(i.TIM_ITRx_SetConfig)
    TIM_ITRx_SetConfig                       0x08001feb   Thumb Code    16  stm32f1xx_hal_tim.o(i.TIM_ITRx_SetConfig)
    i.TIM_OC1_SetConfig                      0x08001ffc   Section        0  stm32f1xx_hal_tim.o(i.TIM_OC1_SetConfig)
    TIM_OC1_SetConfig                        0x08001ffd   Thumb Code    74  stm32f1xx_hal_tim.o(i.TIM_OC1_SetConfig)
    i.TIM_OC2_SetConfig                      0x0800204c   Section        0  stm32f1xx_hal_tim.o(i.TIM_OC2_SetConfig)
    i.TIM_OC3_SetConfig                      0x080020a4   Section        0  stm32f1xx_hal_tim.o(i.TIM_OC3_SetConfig)
    TIM_OC3_SetConfig                        0x080020a5   Thumb Code    82  stm32f1xx_hal_tim.o(i.TIM_OC3_SetConfig)
    i.TIM_OC4_SetConfig                      0x080020fc   Section        0  stm32f1xx_hal_tim.o(i.TIM_OC4_SetConfig)
    TIM_OC4_SetConfig                        0x080020fd   Thumb Code    64  stm32f1xx_hal_tim.o(i.TIM_OC4_SetConfig)
    i.TIM_TI1_ConfigInputStage               0x08002140   Section        0  stm32f1xx_hal_tim.o(i.TIM_TI1_ConfigInputStage)
    TIM_TI1_ConfigInputStage                 0x08002141   Thumb Code    34  stm32f1xx_hal_tim.o(i.TIM_TI1_ConfigInputStage)
    i.TIM_TI2_ConfigInputStage               0x08002162   Section        0  stm32f1xx_hal_tim.o(i.TIM_TI2_ConfigInputStage)
    TIM_TI2_ConfigInputStage                 0x08002163   Thumb Code    36  stm32f1xx_hal_tim.o(i.TIM_TI2_ConfigInputStage)
    i.UART_DMAAbortOnError                   0x08002186   Section        0  stm32f1xx_hal_uart.o(i.UART_DMAAbortOnError)
    UART_DMAAbortOnError                     0x08002187   Thumb Code    16  stm32f1xx_hal_uart.o(i.UART_DMAAbortOnError)
    i.UART_EndRxTransfer                     0x08002196   Section        0  stm32f1xx_hal_uart.o(i.UART_EndRxTransfer)
    UART_EndRxTransfer                       0x08002197   Thumb Code    28  stm32f1xx_hal_uart.o(i.UART_EndRxTransfer)
    i.UART_Receive_IT                        0x080021b2   Section        0  stm32f1xx_hal_uart.o(i.UART_Receive_IT)
    UART_Receive_IT                          0x080021b3   Thumb Code   150  stm32f1xx_hal_uart.o(i.UART_Receive_IT)
    i.UART_SetConfig                         0x08002248   Section        0  stm32f1xx_hal_uart.o(i.UART_SetConfig)
    UART_SetConfig                           0x08002249   Thumb Code   178  stm32f1xx_hal_uart.o(i.UART_SetConfig)
    i.UART_Transmit_IT                       0x08002300   Section        0  stm32f1xx_hal_uart.o(i.UART_Transmit_IT)
    UART_Transmit_IT                         0x08002301   Thumb Code    98  stm32f1xx_hal_uart.o(i.UART_Transmit_IT)
    i.USART1_IRQHandler                      0x08002364   Section        0  main.o(i.USART1_IRQHandler)
    i.USART2_IRQHandler                      0x08002384   Section        0  main.o(i.USART2_IRQHandler)
    i.USART3_IRQHandler                      0x080023a4   Section        0  main.o(i.USART3_IRQHandler)
    i.UsageFault_Handler                     0x080023c4   Section        0  stm32f1xx_it.o(i.UsageFault_Handler)
    i.__ARM_fpclassify                       0x080023c6   Section        0  fpclassify.o(i.__ARM_fpclassify)
    i.__NVIC_SetPriority                     0x080023ee   Section        0  stm32f1xx_hal_cortex.o(i.__NVIC_SetPriority)
    __NVIC_SetPriority                       0x080023ef   Thumb Code    32  stm32f1xx_hal_cortex.o(i.__NVIC_SetPriority)
    i.__ieee754_rem_pio2                     0x08002410   Section        0  rred.o(i.__ieee754_rem_pio2)
    i.__kernel_cos                           0x08002798   Section        0  cos_i.o(i.__kernel_cos)
    i.__kernel_poly                          0x08002894   Section        0  poly.o(i.__kernel_poly)
    i.__kernel_sin                           0x08002940   Section        0  sin_i.o(i.__kernel_sin)
    i.__mathlib_dbl_infnan                   0x08002a2c   Section        0  dunder.o(i.__mathlib_dbl_infnan)
    i.__mathlib_dbl_invalid                  0x08002a32   Section        0  dunder.o(i.__mathlib_dbl_invalid)
    i.__mathlib_dbl_underflow                0x08002a40   Section        0  dunder.o(i.__mathlib_dbl_underflow)
    i.__scatterload_copy                     0x08002a50   Section       14  handlers.o(i.__scatterload_copy)
    i.__scatterload_null                     0x08002a5e   Section        2  handlers.o(i.__scatterload_null)
    i.__scatterload_zeroinit                 0x08002a60   Section       14  handlers.o(i.__scatterload_zeroinit)
    i.__set_errno                            0x08002a70   Section        0  errno.o(i.__set_errno)
    i.cos                                    0x08002a7c   Section        0  cos.o(i.cos)
    i.dataBaru                               0x08002b18   Section        0  main.o(i.dataBaru)
    i.dataLama                               0x08002b40   Section        0  main.o(i.dataLama)
    i.hitungKecepatanAngular                 0x08002b58   Section        0  main.o(i.hitungKecepatanAngular)
    i.hitungKecepatanLinier                  0x08002bc8   Section        0  main.o(i.hitungKecepatanLinier)
    i.hitungPID                              0x08002c04   Section        0  main.o(i.hitungPID)
    i.hitungPosisi                           0x08002cb0   Section        0  main.o(i.hitungPosisi)
    i.hitungRPM                              0x08002e30   Section        0  main.o(i.hitungRPM)
    i.kirimUART                              0x08002ea0   Section        0  main.o(i.kirimUART)
    i.main                                   0x08002ed4   Section        0  main.o(i.main)
    i.motor4                                 0x0800301c   Section        0  main.o(i.motor4)
    i.setPWM4                                0x08003030   Section        0  main.o(i.setPWM4)
    i.sin                                    0x0800305c   Section        0  sin.o(i.sin)
    i.sqrt                                   0x080030fc   Section        0  sqrt.o(i.sqrt)
    i.updateDataEncoder1                     0x08003148   Section        0  main.o(i.updateDataEncoder1)
    i.updateDataEncoder2                     0x080031a0   Section        0  main.o(i.updateDataEncoder2)
    i.updateDataEncoder3                     0x080031f8   Section        0  main.o(i.updateDataEncoder3)
    i.updateDataEncoder4                     0x08003250   Section        0  main.o(i.updateDataEncoder4)
    .constdata                               0x080032a8   Section       16  system_stm32f1xx.o(.constdata)
    .constdata                               0x080032b8   Section        8  system_stm32f1xx.o(.constdata)
    .constdata                               0x080032c0   Section       48  cos_i.o(.constdata)
    C                                        0x080032c0   Data          48  cos_i.o(.constdata)
    .constdata                               0x080032f0   Section      200  rred.o(.constdata)
    pio2s                                    0x080032f0   Data          48  rred.o(.constdata)
    twooverpi                                0x08003320   Data         152  rred.o(.constdata)
    .constdata                               0x080033b8   Section       40  sin_i.o(.constdata)
    S                                        0x080033b8   Data          40  sin_i.o(.constdata)
    .data                                    0x20000000   Section      128  main.o(.data)
    kp                                       0x2000001c   Data           4  main.o(.data)
    ki                                       0x20000020   Data           4  main.o(.data)
    kd                                       0x20000024   Data           4  main.o(.data)
    .data                                    0x20000080   Section       12  stm32f1xx_hal.o(.data)
    .data                                    0x2000008c   Section        4  system_stm32f1xx.o(.data)
    .data                                    0x20000090   Section        4  errno.o(.data)
    _errno                                   0x20000090   Data           4  errno.o(.data)
    .bss                                     0x20000094   Section      480  main.o(.bss)
    .bss                                     0x20000278   Section       32  stm32f1xx_hal_flash.o(.bss)
    STACK                                    0x20000298   Section     1024  startup_stm32f103xb.o(STACK)

    Global Symbols

    Symbol Name                              Value     Ov Type        Size  Object(Section)

    BuildAttributes$$THM_ISAv4$P$D$K$B$S$PE$A:L22UL41UL21$X:L11$S22US41US21$IEEE1$IW$USESV6$~STKCKD$USESV7$~SHL$OTIME$ROPI$IEEEX$EBA8$MICROLIB$REQ8$PRES8$EABIv2 0x00000000   Number         0  anon$$obj.o ABSOLUTE
    __ARM_use_no_argv                        0x00000000   Number         0  main.o ABSOLUTE
    __cpp_initialize__aeabi_                  - Undefined Weak Reference
    __cxa_finalize                            - Undefined Weak Reference
    __decompress                              - Undefined Weak Reference
    _clock_init                               - Undefined Weak Reference
    _microlib_exit                            - Undefined Weak Reference
    __Vectors_Size                           0x000000ec   Number         0  startup_stm32f103xb.o ABSOLUTE
    __Vectors                                0x08000000   Data           4  startup_stm32f103xb.o(RESET)
    __Vectors_End                            0x080000ec   Data           0  startup_stm32f103xb.o(RESET)
    __main                                   0x080000ed   Thumb Code     0  entry.o(.ARM.Collect$$$$00000000)
    _main_stk                                0x080000ed   Thumb Code     0  entry2.o(.ARM.Collect$$$$00000001)
    _main_scatterload                        0x080000f1   Thumb Code     0  entry5.o(.ARM.Collect$$$$00000004)
    __main_after_scatterload                 0x080000f5   Thumb Code     0  entry5.o(.ARM.Collect$$$$00000004)
    _main_clock                              0x080000f5   Thumb Code     0  entry7b.o(.ARM.Collect$$$$00000008)
    _main_cpp_init                           0x080000f5   Thumb Code     0  entry8b.o(.ARM.Collect$$$$0000000A)
    _main_init                               0x080000f5   Thumb Code     0  entry9a.o(.ARM.Collect$$$$0000000B)
    __rt_final_cpp                           0x080000fd   Thumb Code     0  entry10a.o(.ARM.Collect$$$$0000000D)
    __rt_final_exit                          0x080000fd   Thumb Code     0  entry11a.o(.ARM.Collect$$$$0000000F)
    Reset_Handler                            0x08000101   Thumb Code     8  startup_stm32f103xb.o(.text)
    ADC1_2_IRQHandler                        0x0800011b   Thumb Code     0  startup_stm32f103xb.o(.text)
    CAN1_RX1_IRQHandler                      0x0800011b   Thumb Code     0  startup_stm32f103xb.o(.text)
    CAN1_SCE_IRQHandler                      0x0800011b   Thumb Code     0  startup_stm32f103xb.o(.text)
    DMA1_Channel1_IRQHandler                 0x0800011b   Thumb Code     0  startup_stm32f103xb.o(.text)
    DMA1_Channel2_IRQHandler                 0x0800011b   Thumb Code     0  startup_stm32f103xb.o(.text)
    DMA1_Channel3_IRQHandler                 0x0800011b   Thumb Code     0  startup_stm32f103xb.o(.text)
    DMA1_Channel4_IRQHandler                 0x0800011b   Thumb Code     0  startup_stm32f103xb.o(.text)
    DMA1_Channel5_IRQHandler                 0x0800011b   Thumb Code     0  startup_stm32f103xb.o(.text)
    DMA1_Channel6_IRQHandler                 0x0800011b   Thumb Code     0  startup_stm32f103xb.o(.text)
    DMA1_Channel7_IRQHandler                 0x0800011b   Thumb Code     0  startup_stm32f103xb.o(.text)
    EXTI2_IRQHandler                         0x0800011b   Thumb Code     0  startup_stm32f103xb.o(.text)
    EXTI3_IRQHandler                         0x0800011b   Thumb Code     0  startup_stm32f103xb.o(.text)
    I2C1_ER_IRQHandler                       0x0800011b   Thumb Code     0  startup_stm32f103xb.o(.text)
    I2C1_EV_IRQHandler                       0x0800011b   Thumb Code     0  startup_stm32f103xb.o(.text)
    I2C2_ER_IRQHandler                       0x0800011b   Thumb Code     0  startup_stm32f103xb.o(.text)
    I2C2_EV_IRQHandler                       0x0800011b   Thumb Code     0  startup_stm32f103xb.o(.text)
    PVD_IRQHandler                           0x0800011b   Thumb Code     0  startup_stm32f103xb.o(.text)
    RTC_Alarm_IRQHandler                     0x0800011b   Thumb Code     0  startup_stm32f103xb.o(.text)
    RTC_IRQHandler                           0x0800011b   Thumb Code     0  startup_stm32f103xb.o(.text)
    SPI1_IRQHandler                          0x0800011b   Thumb Code     0  startup_stm32f103xb.o(.text)
    SPI2_IRQHandler                          0x0800011b   Thumb Code     0  startup_stm32f103xb.o(.text)
    TAMPER_IRQHandler                        0x0800011b   Thumb Code     0  startup_stm32f103xb.o(.text)
    TIM1_BRK_IRQHandler                      0x0800011b   Thumb Code     0  startup_stm32f103xb.o(.text)
    TIM1_CC_IRQHandler                       0x0800011b   Thumb Code     0  startup_stm32f103xb.o(.text)
    TIM1_TRG_COM_IRQHandler                  0x0800011b   Thumb Code     0  startup_stm32f103xb.o(.text)
    TIM1_UP_IRQHandler                       0x0800011b   Thumb Code     0  startup_stm32f103xb.o(.text)
    TIM3_IRQHandler                          0x0800011b   Thumb Code     0  startup_stm32f103xb.o(.text)
    TIM4_IRQHandler                          0x0800011b   Thumb Code     0  startup_stm32f103xb.o(.text)
    USBWakeUp_IRQHandler                     0x0800011b   Thumb Code     0  startup_stm32f103xb.o(.text)
    USB_HP_CAN1_TX_IRQHandler                0x0800011b   Thumb Code     0  startup_stm32f103xb.o(.text)
    USB_LP_CAN1_RX0_IRQHandler               0x0800011b   Thumb Code     0  startup_stm32f103xb.o(.text)
    WWDG_IRQHandler                          0x0800011b   Thumb Code     0  startup_stm32f103xb.o(.text)
    __aeabi_llsr                             0x08000125   Thumb Code    32  llushr.o(.text)
    _ll_ushift_r                             0x08000125   Thumb Code     0  llushr.o(.text)
    __aeabi_memset                           0x08000145   Thumb Code    14  memseta.o(.text)
    __aeabi_memset4                          0x08000145   Thumb Code     0  memseta.o(.text)
    __aeabi_memset8                          0x08000145   Thumb Code     0  memseta.o(.text)
    __aeabi_memclr                           0x08000153   Thumb Code     4  memseta.o(.text)
    __aeabi_memclr4                          0x08000153   Thumb Code     0  memseta.o(.text)
    __aeabi_memclr8                          0x08000153   Thumb Code     0  memseta.o(.text)
    _memset$wrapper                          0x08000157   Thumb Code    18  memseta.o(.text)
    __aeabi_fadd                             0x08000169   Thumb Code   164  fadd.o(.text)
    __aeabi_fsub                             0x0800020d   Thumb Code     6  fadd.o(.text)
    __aeabi_frsub                            0x08000213   Thumb Code     6  fadd.o(.text)
    __aeabi_fmul                             0x08000219   Thumb Code   100  fmul.o(.text)
    __aeabi_fdiv                             0x0800027d   Thumb Code   124  fdiv.o(.text)
    __aeabi_dadd                             0x080002f9   Thumb Code   322  dadd.o(.text)
    __aeabi_dsub                             0x0800043b   Thumb Code     6  dadd.o(.text)
    __aeabi_drsub                            0x08000441   Thumb Code     6  dadd.o(.text)
    __aeabi_dmul                             0x08000447   Thumb Code   228  dmul.o(.text)
    __aeabi_ddiv                             0x0800052b   Thumb Code   222  ddiv.o(.text)
    __ARM_scalbn                             0x08000609   Thumb Code    46  dscalb.o(.text)
    scalbn                                   0x08000609   Thumb Code     0  dscalb.o(.text)
    __aeabi_i2f                              0x08000637   Thumb Code    18  fflti.o(.text)
    __aeabi_i2d                              0x08000649   Thumb Code    34  dflti.o(.text)
    __aeabi_f2iz                             0x0800066b   Thumb Code    50  ffixi.o(.text)
    __aeabi_d2iz                             0x0800069d   Thumb Code    62  dfixi.o(.text)
    __aeabi_f2d                              0x080006db   Thumb Code    38  f2d.o(.text)
    __aeabi_d2f                              0x08000701   Thumb Code    56  d2f.o(.text)
    __aeabi_llsl                             0x08000739   Thumb Code    30  llshl.o(.text)
    _ll_shift_l                              0x08000739   Thumb Code     0  llshl.o(.text)
    __aeabi_lasr                             0x08000757   Thumb Code    36  llsshr.o(.text)
    _ll_sshift_r                             0x08000757   Thumb Code     0  llsshr.o(.text)
    __I$use$fp                               0x0800077b   Thumb Code     0  iusefp.o(.text)
    _float_round                             0x0800077b   Thumb Code    18  fepilogue.o(.text)
    _float_epilogue                          0x0800078d   Thumb Code    92  fepilogue.o(.text)
    _double_round                            0x080007e9   Thumb Code    30  depilogue.o(.text)
    _double_epilogue                         0x08000807   Thumb Code   156  depilogue.o(.text)
    _dsqrt                                   0x080008a3   Thumb Code   162  dsqrt.o(.text)
    __scatterload                            0x08000945   Thumb Code    28  init.o(.text)
    __scatterload_rt2                        0x08000945   Thumb Code     0  init.o(.text)
    __aeabi_ui2d                             0x08000969   Thumb Code    26  dfltui.o(.text)
    BusFault_Handler                         0x08000983   Thumb Code     2  stm32f1xx_it.o(i.BusFault_Handler)
    DebugMon_Handler                         0x08000985   Thumb Code     2  stm32f1xx_it.o(i.DebugMon_Handler)
    EXTI0_IRQHandler                         0x08000987   Thumb Code    16  main.o(i.EXTI0_IRQHandler)
    EXTI15_10_IRQHandler                     0x08000997   Thumb Code    46  main.o(i.EXTI15_10_IRQHandler)
    EXTI1_IRQHandler                         0x080009c5   Thumb Code    16  main.o(i.EXTI1_IRQHandler)
    EXTI4_IRQHandler                         0x080009d5   Thumb Code    16  main.o(i.EXTI4_IRQHandler)
    EXTI9_5_IRQHandler                       0x080009e5   Thumb Code    16  main.o(i.EXTI9_5_IRQHandler)
    FLASH_IRQHandler                         0x080009f5   Thumb Code     4  stm32f1xx_it.o(i.FLASH_IRQHandler)
    FLASH_PageErase                          0x080009f9   Thumb Code    28  stm32f1xx_hal_flash_ex.o(i.FLASH_PageErase)
    HAL_DMA_Abort_IT                         0x08000a95   Thumb Code   148  stm32f1xx_hal_dma.o(i.HAL_DMA_Abort_IT)
    HAL_FLASH_EndOfOperationCallback         0x08000b2d   Thumb Code     2  stm32f1xx_hal_flash.o(i.HAL_FLASH_EndOfOperationCallback)
    HAL_FLASH_IRQHandler                     0x08000b31   Thumb Code   256  stm32f1xx_hal_flash.o(i.HAL_FLASH_IRQHandler)
    HAL_FLASH_OperationErrorCallback         0x08000c39   Thumb Code     2  stm32f1xx_hal_flash.o(i.HAL_FLASH_OperationErrorCallback)
    HAL_GPIO_EXTI_Callback                   0x08000c3b   Thumb Code     2  stm32f1xx_hal_gpio.o(i.HAL_GPIO_EXTI_Callback)
    HAL_GPIO_EXTI_IRQHandler                 0x08000c3d   Thumb Code    18  stm32f1xx_hal_gpio.o(i.HAL_GPIO_EXTI_IRQHandler)
    HAL_GPIO_Init                            0x08000c55   Thumb Code   446  stm32f1xx_hal_gpio.o(i.HAL_GPIO_Init)
    HAL_GPIO_WritePin                        0x08000e35   Thumb Code    10  stm32f1xx_hal_gpio.o(i.HAL_GPIO_WritePin)
    HAL_GetTick                              0x08000e41   Thumb Code     6  stm32f1xx_hal.o(i.HAL_GetTick)
    HAL_IncTick                              0x08000e4d   Thumb Code    12  stm32f1xx_hal.o(i.HAL_IncTick)
    HAL_Init                                 0x08000e5d   Thumb Code    32  stm32f1xx_hal.o(i.HAL_Init)
    HAL_InitTick                             0x08000e81   Thumb Code    54  stm32f1xx_hal.o(i.HAL_InitTick)
    HAL_MspInit                              0x08000ec1   Thumb Code    84  stm32f1xx_hal_msp.o(i.HAL_MspInit)
    HAL_NVIC_EnableIRQ                       0x08000f1d   Thumb Code    26  stm32f1xx_hal_cortex.o(i.HAL_NVIC_EnableIRQ)
    HAL_NVIC_SetPriority                     0x08000f39   Thumb Code    60  stm32f1xx_hal_cortex.o(i.HAL_NVIC_SetPriority)
    HAL_NVIC_SetPriorityGrouping             0x08000f79   Thumb Code    26  stm32f1xx_hal_cortex.o(i.HAL_NVIC_SetPriorityGrouping)
    HAL_RCC_ClockConfig                      0x08000f9d   Thumb Code   280  stm32f1xx_hal_rcc.o(i.HAL_RCC_ClockConfig)
    HAL_RCC_GetPCLK1Freq                     0x080010c9   Thumb Code    20  stm32f1xx_hal_rcc.o(i.HAL_RCC_GetPCLK1Freq)
    HAL_RCC_GetPCLK2Freq                     0x080010e9   Thumb Code    20  stm32f1xx_hal_rcc.o(i.HAL_RCC_GetPCLK2Freq)
    HAL_RCC_GetSysClockFreq                  0x08001109   Thumb Code    74  stm32f1xx_hal_rcc.o(i.HAL_RCC_GetSysClockFreq)
    HAL_RCC_OscConfig                        0x08001175   Thumb Code   778  stm32f1xx_hal_rcc.o(i.HAL_RCC_OscConfig)
    HAL_SYSTICK_Config                       0x08001495   Thumb Code    40  stm32f1xx_hal_cortex.o(i.HAL_SYSTICK_Config)
    HAL_TIMEx_BreakCallback                  0x080014bd   Thumb Code     2  stm32f1xx_hal_tim_ex.o(i.HAL_TIMEx_BreakCallback)
    HAL_TIMEx_CommutCallback                 0x080014bf   Thumb Code     2  stm32f1xx_hal_tim_ex.o(i.HAL_TIMEx_CommutCallback)
    HAL_TIMEx_MasterConfigSynchronization    0x080014c1   Thumb Code    66  stm32f1xx_hal_tim_ex.o(i.HAL_TIMEx_MasterConfigSynchronization)
    HAL_TIM_Base_Init                        0x08001503   Thumb Code    54  stm32f1xx_hal_tim.o(i.HAL_TIM_Base_Init)
    HAL_TIM_Base_MspInit                     0x08001539   Thumb Code    86  stm32f1xx_hal_msp.o(i.HAL_TIM_Base_MspInit)
    HAL_TIM_ConfigClockSource                0x08001599   Thumb Code   214  stm32f1xx_hal_tim.o(i.HAL_TIM_ConfigClockSource)
    HAL_TIM_IC_CaptureCallback               0x0800166f   Thumb Code     2  stm32f1xx_hal_tim.o(i.HAL_TIM_IC_CaptureCallback)
    HAL_TIM_IRQHandler                       0x08001671   Thumb Code   358  stm32f1xx_hal_tim.o(i.HAL_TIM_IRQHandler)
    HAL_TIM_MspPostInit                      0x080017d9   Thumb Code    64  stm32f1xx_hal_msp.o(i.HAL_TIM_MspPostInit)
    HAL_TIM_OC_DelayElapsedCallback          0x08001825   Thumb Code     2  stm32f1xx_hal_tim.o(i.HAL_TIM_OC_DelayElapsedCallback)
    HAL_TIM_PWM_ConfigChannel                0x08001827   Thumb Code   208  stm32f1xx_hal_tim.o(i.HAL_TIM_PWM_ConfigChannel)
    HAL_TIM_PWM_Init                         0x080018f7   Thumb Code    54  stm32f1xx_hal_tim.o(i.HAL_TIM_PWM_Init)
    HAL_TIM_PWM_MspInit                      0x0800192d   Thumb Code     2  stm32f1xx_hal_tim.o(i.HAL_TIM_PWM_MspInit)
    HAL_TIM_PWM_PulseFinishedCallback        0x0800192f   Thumb Code     2  stm32f1xx_hal_tim.o(i.HAL_TIM_PWM_PulseFinishedCallback)
    HAL_TIM_PWM_Start                        0x08001931   Thumb Code    52  stm32f1xx_hal_tim.o(i.HAL_TIM_PWM_Start)
    HAL_TIM_PeriodElapsedCallback            0x08001969   Thumb Code     2  stm32f1xx_hal_tim.o(i.HAL_TIM_PeriodElapsedCallback)
    HAL_TIM_TriggerCallback                  0x0800196b   Thumb Code     2  stm32f1xx_hal_tim.o(i.HAL_TIM_TriggerCallback)
    HAL_UART_ErrorCallback                   0x0800196d   Thumb Code     2  stm32f1xx_hal_uart.o(i.HAL_UART_ErrorCallback)
    HAL_UART_IRQHandler                      0x08001971   Thumb Code   266  stm32f1xx_hal_uart.o(i.HAL_UART_IRQHandler)
    HAL_UART_Init                            0x08001a81   Thumb Code    98  stm32f1xx_hal_uart.o(i.HAL_UART_Init)
    HAL_UART_MspInit                         0x08001ae5   Thumb Code   282  stm32f1xx_hal_msp.o(i.HAL_UART_MspInit)
    HAL_UART_Receive_IT                      0x08001c19   Thumb Code    82  stm32f1xx_hal_uart.o(i.HAL_UART_Receive_IT)
    HAL_UART_RxCpltCallback                  0x08001c6b   Thumb Code     2  stm32f1xx_hal_uart.o(i.HAL_UART_RxCpltCallback)
    HAL_UART_Transmit_IT                     0x08001c6d   Thumb Code    62  stm32f1xx_hal_uart.o(i.HAL_UART_Transmit_IT)
    HAL_UART_TxCpltCallback                  0x08001cab   Thumb Code     2  stm32f1xx_hal_uart.o(i.HAL_UART_TxCpltCallback)
    HardFault_Handler                        0x08001cad   Thumb Code     2  stm32f1xx_it.o(i.HardFault_Handler)
    MemManage_Handler                        0x08001ea1   Thumb Code     2  stm32f1xx_it.o(i.MemManage_Handler)
    NMI_Handler                              0x08001ea3   Thumb Code     2  stm32f1xx_it.o(i.NMI_Handler)
    PendSV_Handler                           0x08001ea5   Thumb Code     2  stm32f1xx_it.o(i.PendSV_Handler)
    RCC_IRQHandler                           0x08001ea7   Thumb Code     2  stm32f1xx_it.o(i.RCC_IRQHandler)
    SVC_Handler                              0x08001ea9   Thumb Code     2  stm32f1xx_it.o(i.SVC_Handler)
    SysTick_Handler                          0x08001eab   Thumb Code     4  stm32f1xx_it.o(i.SysTick_Handler)
    SystemClock_Config                       0x08001eaf   Thumb Code    78  main.o(i.SystemClock_Config)
    SystemInit                               0x08001efd   Thumb Code    56  system_stm32f1xx.o(i.SystemInit)
    TIM2_IRQHandler                          0x08001f45   Thumb Code     6  main.o(i.TIM2_IRQHandler)
    TIM_Base_SetConfig                       0x08001f51   Thumb Code    94  stm32f1xx_hal_tim.o(i.TIM_Base_SetConfig)
    TIM_CCxChannelCmd                        0x08001fbd   Thumb Code    26  stm32f1xx_hal_tim.o(i.TIM_CCxChannelCmd)
    TIM_ETR_SetConfig                        0x08001fd7   Thumb Code    20  stm32f1xx_hal_tim.o(i.TIM_ETR_SetConfig)
    TIM_OC2_SetConfig                        0x0800204d   Thumb Code    84  stm32f1xx_hal_tim.o(i.TIM_OC2_SetConfig)
    USART1_IRQHandler                        0x08002365   Thumb Code    22  main.o(i.USART1_IRQHandler)
    USART2_IRQHandler                        0x08002385   Thumb Code    22  main.o(i.USART2_IRQHandler)
    USART3_IRQHandler                        0x080023a5   Thumb Code    24  main.o(i.USART3_IRQHandler)
    UsageFault_Handler                       0x080023c5   Thumb Code     2  stm32f1xx_it.o(i.UsageFault_Handler)
    __ARM_fpclassify                         0x080023c7   Thumb Code    40  fpclassify.o(i.__ARM_fpclassify)
    __ieee754_rem_pio2                       0x08002411   Thumb Code   828  rred.o(i.__ieee754_rem_pio2)
    __kernel_cos                             0x08002799   Thumb Code   230  cos_i.o(i.__kernel_cos)
    __kernel_poly                            0x08002895   Thumb Code   170  poly.o(i.__kernel_poly)
    __kernel_sin                             0x08002941   Thumb Code   224  sin_i.o(i.__kernel_sin)
    __mathlib_dbl_infnan                     0x08002a2d   Thumb Code     6  dunder.o(i.__mathlib_dbl_infnan)
    __mathlib_dbl_invalid                    0x08002a33   Thumb Code    12  dunder.o(i.__mathlib_dbl_invalid)
    __mathlib_dbl_underflow                  0x08002a41   Thumb Code    10  dunder.o(i.__mathlib_dbl_underflow)
    __scatterload_copy                       0x08002a51   Thumb Code    14  handlers.o(i.__scatterload_copy)
    __scatterload_null                       0x08002a5f   Thumb Code     2  handlers.o(i.__scatterload_null)
    __scatterload_zeroinit                   0x08002a61   Thumb Code    14  handlers.o(i.__scatterload_zeroinit)
    __set_errno                              0x08002a71   Thumb Code     6  errno.o(i.__set_errno)
    cos                                      0x08002a7d   Thumb Code   148  cos.o(i.cos)
    dataBaru                                 0x08002b19   Thumb Code    36  main.o(i.dataBaru)
    dataLama                                 0x08002b41   Thumb Code    20  main.o(i.dataLama)
    hitungKecepatanAngular                   0x08002b59   Thumb Code    96  main.o(i.hitungKecepatanAngular)
    hitungKecepatanLinier                    0x08002bc9   Thumb Code    52  main.o(i.hitungKecepatanLinier)
    hitungPID                                0x08002c05   Thumb Code   162  main.o(i.hitungPID)
    hitungPosisi                             0x08002cb1   Thumb Code   362  main.o(i.hitungPosisi)
    hitungRPM                                0x08002e31   Thumb Code    96  main.o(i.hitungRPM)
    kirimUART                                0x08002ea1   Thumb Code    46  main.o(i.kirimUART)
    main                                     0x08002ed5   Thumb Code   304  main.o(i.main)
    motor4                                   0x0800301d   Thumb Code    18  main.o(i.motor4)
    setPWM4                                  0x08003031   Thumb Code    38  main.o(i.setPWM4)
    sin                                      0x0800305d   Thumb Code   150  sin.o(i.sin)
    sqrt                                     0x080030fd   Thumb Code    76  sqrt.o(i.sqrt)
    updateDataEncoder1                       0x08003149   Thumb Code    74  main.o(i.updateDataEncoder1)
    updateDataEncoder2                       0x080031a1   Thumb Code    74  main.o(i.updateDataEncoder2)
    updateDataEncoder3                       0x080031f9   Thumb Code    76  main.o(i.updateDataEncoder3)
    updateDataEncoder4                       0x08003251   Thumb Code    74  main.o(i.updateDataEncoder4)
    AHBPrescTable                            0x080032a8   Data          16  system_stm32f1xx.o(.constdata)
    APBPrescTable                            0x080032b8   Data           8  system_stm32f1xx.o(.constdata)
    Region$$Table$$Base                      0x080033e0   Number         0  anon$$obj.o(Region$$Table)
    Region$$Table$$Limit                     0x08003400   Number         0  anon$$obj.o(Region$$Table)
    didik                                    0x20000000   Data           1  main.o(.data)
    nilaiEnco1A_sebelum                      0x20000001   Data           1  main.o(.data)
    nilaiEnco1B_sebelum                      0x20000002   Data           1  main.o(.data)
    nilaiEnco2A_sebelum                      0x20000003   Data           1  main.o(.data)
    nilaiEnco2B_sebelum                      0x20000004   Data           1  main.o(.data)
    nilaiEnco3A_sebelum                      0x20000005   Data           1  main.o(.data)
    nilaiEnco3B_sebelum                      0x20000006   Data           1  main.o(.data)
    nilaiEnco4A_sebelum                      0x20000007   Data           1  main.o(.data)
    nilaiEnco4B_sebelum                      0x20000008   Data           1  main.o(.data)
    nilaiEnco1A                              0x20000009   Data           1  main.o(.data)
    nilaiEnco1B                              0x2000000a   Data           1  main.o(.data)
    encInc1                                  0x2000000b   Data           1  main.o(.data)
    encDec1                                  0x2000000c   Data           1  main.o(.data)
    nilaiEnco2A                              0x2000000d   Data           1  main.o(.data)
    nilaiEnco2B                              0x2000000e   Data           1  main.o(.data)
    encInc2                                  0x2000000f   Data           1  main.o(.data)
    encDec2                                  0x20000010   Data           1  main.o(.data)
    nilaiEnco3A                              0x20000011   Data           1  main.o(.data)
    nilaiEnco3B                              0x20000012   Data           1  main.o(.data)
    encInc3                                  0x20000013   Data           1  main.o(.data)
    encDec3                                  0x20000014   Data           1  main.o(.data)
    nilaiEnco4A                              0x20000015   Data           1  main.o(.data)
    nilaiEnco4B                              0x20000016   Data           1  main.o(.data)
    encInc4                                  0x20000017   Data           1  main.o(.data)
    encDec4                                  0x20000018   Data           1  main.o(.data)
    terimaUART1                              0x20000019   Data           1  main.o(.data)
    terimaUART2                              0x2000001a   Data           1  main.o(.data)
    terimaUART3                              0x2000001b   Data           1  main.o(.data)
    maxrpm                                   0x20000028   Data           4  main.o(.data)
    state                                    0x2000002c   Data           4  main.o(.data)
    enc_1                                    0x20000030   Data           4  main.o(.data)
    enc_2                                    0x20000034   Data           4  main.o(.data)
    enc_3                                    0x20000038   Data           4  main.o(.data)
    enc_4                                    0x2000003c   Data           4  main.o(.data)
    oldEnc1                                  0x20000040   Data           4  main.o(.data)
    oldEnc2                                  0x20000044   Data           4  main.o(.data)
    oldEnc3                                  0x20000048   Data           4  main.o(.data)
    oldEnc4                                  0x2000004c   Data           4  main.o(.data)
    newEnc1                                  0x20000050   Data           4  main.o(.data)
    newEnc2                                  0x20000054   Data           4  main.o(.data)
    newEnc3                                  0x20000058   Data           4  main.o(.data)
    newEnc4                                  0x2000005c   Data           4  main.o(.data)
    gain                                     0x20000060   Data           4  main.o(.data)
    Xbody                                    0x20000064   Data           4  main.o(.data)
    Ybody                                    0x20000068   Data           4  main.o(.data)
    radian                                   0x2000006c   Data           4  main.o(.data)
    perpindahan                              0x20000070   Data           4  main.o(.data)
    Xactual                                  0x20000074   Data           4  main.o(.data)
    Yactual                                  0x20000078   Data           4  main.o(.data)
    rpmKirim                                 0x2000007c   Data           4  main.o(.data)
    uwTickFreq                               0x20000080   Data           1  stm32f1xx_hal.o(.data)
    uwTickPrio                               0x20000084   Data           4  stm32f1xx_hal.o(.data)
    uwTick                                   0x20000088   Data           4  stm32f1xx_hal.o(.data)
    SystemCoreClock                          0x2000008c   Data           4  system_stm32f1xx.o(.data)
    error                                    0x20000094   Data          16  main.o(.bss)
    lastError                                0x200000a4   Data          16  main.o(.bss)
    cumError                                 0x200000b4   Data          16  main.o(.bss)
    rateError                                0x200000c4   Data          16  main.o(.bss)
    rpmControlled                            0x200000d4   Data          16  main.o(.bss)
    u                                        0x200000e4   Data          16  main.o(.bss)
    w                                        0x200000f4   Data          16  main.o(.bss)
    v                                        0x20000104   Data          16  main.o(.bss)
    rpm                                      0x20000114   Data          16  main.o(.bss)
    jarakRAW                                 0x20000124   Data          16  main.o(.bss)
    htim2                                    0x20000134   Data          64  main.o(.bss)
    htim4                                    0x20000174   Data          64  main.o(.bss)
    huart1                                   0x200001b4   Data          64  main.o(.bss)
    huart2                                   0x200001f4   Data          64  main.o(.bss)
    huart3                                   0x20000234   Data          64  main.o(.bss)
    pFlash                                   0x20000278   Data          32  stm32f1xx_hal_flash.o(.bss)
    __initial_sp                             0x20000698   Data           0  startup_stm32f103xb.o(STACK)



==============================================================================

Memory Map of the image

  Image Entry point : 0x080000ed

  Load Region LR_IROM1 (Base: 0x08000000, Size: 0x00003494, Max: 0x00010000, ABSOLUTE)

    Execution Region ER_IROM1 (Exec base: 0x08000000, Load base: 0x08000000, Size: 0x00003400, Max: 0x00010000, ABSOLUTE)

    Exec Addr    Load Addr    Size         Type   Attr      Idx    E Section Name        Object

    0x08000000   0x08000000   0x000000ec   Data   RO            3    RESET               startup_stm32f103xb.o
    0x080000ec   0x080000ec   0x00000000   Code   RO         2877  * .ARM.Collect$$$$00000000  mc_w.l(entry.o)
    0x080000ec   0x080000ec   0x00000004   Code   RO         2938    .ARM.Collect$$$$00000001  mc_w.l(entry2.o)
    0x080000f0   0x080000f0   0x00000004   Code   RO         2941    .ARM.Collect$$$$00000004  mc_w.l(entry5.o)
    0x080000f4   0x080000f4   0x00000000   Code   RO         2943    .ARM.Collect$$$$00000008  mc_w.l(entry7b.o)
    0x080000f4   0x080000f4   0x00000000   Code   RO         2945    .ARM.Collect$$$$0000000A  mc_w.l(entry8b.o)
    0x080000f4   0x080000f4   0x00000008   Code   RO         2946    .ARM.Collect$$$$0000000B  mc_w.l(entry9a.o)
    0x080000fc   0x080000fc   0x00000000   Code   RO         2948    .ARM.Collect$$$$0000000D  mc_w.l(entry10a.o)
    0x080000fc   0x080000fc   0x00000000   Code   RO         2950    .ARM.Collect$$$$0000000F  mc_w.l(entry11a.o)
    0x080000fc   0x080000fc   0x00000004   Code   RO         2939    .ARM.Collect$$$$00002712  mc_w.l(entry2.o)
    0x08000100   0x08000100   0x00000024   Code   RO            4    .text               startup_stm32f103xb.o
    0x08000124   0x08000124   0x00000020   Code   RO         2880    .text               mc_w.l(llushr.o)
    0x08000144   0x08000144   0x00000024   Code   RO         2882    .text               mc_w.l(memseta.o)
    0x08000168   0x08000168   0x000000b0   Code   RO         2884    .text               mf_w.l(fadd.o)
    0x08000218   0x08000218   0x00000064   Code   RO         2886    .text               mf_w.l(fmul.o)
    0x0800027c   0x0800027c   0x0000007c   Code   RO         2888    .text               mf_w.l(fdiv.o)
    0x080002f8   0x080002f8   0x0000014e   Code   RO         2890    .text               mf_w.l(dadd.o)
    0x08000446   0x08000446   0x000000e4   Code   RO         2892    .text               mf_w.l(dmul.o)
    0x0800052a   0x0800052a   0x000000de   Code   RO         2894    .text               mf_w.l(ddiv.o)
    0x08000608   0x08000608   0x0000002e   Code   RO         2896    .text               mf_w.l(dscalb.o)
    0x08000636   0x08000636   0x00000012   Code   RO         2898    .text               mf_w.l(fflti.o)
    0x08000648   0x08000648   0x00000022   Code   RO         2900    .text               mf_w.l(dflti.o)
    0x0800066a   0x0800066a   0x00000032   Code   RO         2902    .text               mf_w.l(ffixi.o)
    0x0800069c   0x0800069c   0x0000003e   Code   RO         2904    .text               mf_w.l(dfixi.o)
    0x080006da   0x080006da   0x00000026   Code   RO         2906    .text               mf_w.l(f2d.o)
    0x08000700   0x08000700   0x00000038   Code   RO         2908    .text               mf_w.l(d2f.o)
    0x08000738   0x08000738   0x0000001e   Code   RO         2952    .text               mc_w.l(llshl.o)
    0x08000756   0x08000756   0x00000024   Code   RO         2954    .text               mc_w.l(llsshr.o)
    0x0800077a   0x0800077a   0x00000000   Code   RO         2963    .text               mc_w.l(iusefp.o)
    0x0800077a   0x0800077a   0x0000006e   Code   RO         2964    .text               mf_w.l(fepilogue.o)
    0x080007e8   0x080007e8   0x000000ba   Code   RO         2966    .text               mf_w.l(depilogue.o)
    0x080008a2   0x080008a2   0x000000a2   Code   RO         2968    .text               mf_w.l(dsqrt.o)
    0x08000944   0x08000944   0x00000024   Code   RO         2976    .text               mc_w.l(init.o)
    0x08000968   0x08000968   0x0000001a   Code   RO         2978    .text               mf_w.l(dfltui.o)
    0x08000982   0x08000982   0x00000002   Code   RO          333    i.BusFault_Handler  stm32f1xx_it.o
    0x08000984   0x08000984   0x00000002   Code   RO          334    i.DebugMon_Handler  stm32f1xx_it.o
    0x08000986   0x08000986   0x00000010   Code   RO           13    i.EXTI0_IRQHandler  main.o
    0x08000996   0x08000996   0x0000002e   Code   RO           14    i.EXTI15_10_IRQHandler  main.o
    0x080009c4   0x080009c4   0x00000010   Code   RO           15    i.EXTI1_IRQHandler  main.o
    0x080009d4   0x080009d4   0x00000010   Code   RO           16    i.EXTI4_IRQHandler  main.o
    0x080009e4   0x080009e4   0x00000010   Code   RO           17    i.EXTI9_5_IRQHandler  main.o
    0x080009f4   0x080009f4   0x00000004   Code   RO          335    i.FLASH_IRQHandler  stm32f1xx_it.o
    0x080009f8   0x080009f8   0x00000024   Code   RO         2340    i.FLASH_PageErase   stm32f1xx_hal_flash_ex.o
    0x08000a1c   0x08000a1c   0x0000001c   Code   RO         2232    i.FLASH_Program_HalfWord  stm32f1xx_hal_flash.o
    0x08000a38   0x08000a38   0x0000005c   Code   RO         2233    i.FLASH_SetErrorCode  stm32f1xx_hal_flash.o
    0x08000a94   0x08000a94   0x00000098   Code   RO         1897    i.HAL_DMA_Abort_IT  stm32f1xx_hal_dma.o
    0x08000b2c   0x08000b2c   0x00000002   Code   RO         2235    i.HAL_FLASH_EndOfOperationCallback  stm32f1xx_hal_flash.o
    0x08000b2e   0x08000b2e   0x00000002   PAD
    0x08000b30   0x08000b30   0x00000108   Code   RO         2237    i.HAL_FLASH_IRQHandler  stm32f1xx_hal_flash.o
    0x08000c38   0x08000c38   0x00000002   Code   RO         2242    i.HAL_FLASH_OperationErrorCallback  stm32f1xx_hal_flash.o
    0x08000c3a   0x08000c3a   0x00000002   Code   RO         1830    i.HAL_GPIO_EXTI_Callback  stm32f1xx_hal_gpio.o
    0x08000c3c   0x08000c3c   0x00000018   Code   RO         1831    i.HAL_GPIO_EXTI_IRQHandler  stm32f1xx_hal_gpio.o
    0x08000c54   0x08000c54   0x000001e0   Code   RO         1832    i.HAL_GPIO_Init     stm32f1xx_hal_gpio.o
    0x08000e34   0x08000e34   0x0000000a   Code   RO         1836    i.HAL_GPIO_WritePin  stm32f1xx_hal_gpio.o
    0x08000e3e   0x08000e3e   0x00000002   PAD
    0x08000e40   0x08000e40   0x0000000c   Code   RO         1528    i.HAL_GetTick       stm32f1xx_hal.o
    0x08000e4c   0x08000e4c   0x00000010   Code   RO         1534    i.HAL_IncTick       stm32f1xx_hal.o
    0x08000e5c   0x08000e5c   0x00000024   Code   RO         1535    i.HAL_Init          stm32f1xx_hal.o
    0x08000e80   0x08000e80   0x00000040   Code   RO         1536    i.HAL_InitTick      stm32f1xx_hal.o
    0x08000ec0   0x08000ec0   0x0000005c   Code   RO          499    i.HAL_MspInit       stm32f1xx_hal_msp.o
    0x08000f1c   0x08000f1c   0x0000001a   Code   RO         1992    i.HAL_NVIC_EnableIRQ  stm32f1xx_hal_cortex.o
    0x08000f36   0x08000f36   0x00000002   PAD
    0x08000f38   0x08000f38   0x00000040   Code   RO         1998    i.HAL_NVIC_SetPriority  stm32f1xx_hal_cortex.o
    0x08000f78   0x08000f78   0x00000024   Code   RO         1999    i.HAL_NVIC_SetPriorityGrouping  stm32f1xx_hal_cortex.o
    0x08000f9c   0x08000f9c   0x0000012c   Code   RO         1692    i.HAL_RCC_ClockConfig  stm32f1xx_hal_rcc.o
    0x080010c8   0x080010c8   0x00000020   Code   RO         1699    i.HAL_RCC_GetPCLK1Freq  stm32f1xx_hal_rcc.o
    0x080010e8   0x080010e8   0x00000020   Code   RO         1700    i.HAL_RCC_GetPCLK2Freq  stm32f1xx_hal_rcc.o
    0x08001108   0x08001108   0x0000006c   Code   RO         1701    i.HAL_RCC_GetSysClockFreq  stm32f1xx_hal_rcc.o
    0x08001174   0x08001174   0x00000320   Code   RO         1704    i.HAL_RCC_OscConfig  stm32f1xx_hal_rcc.o
    0x08001494   0x08001494   0x00000028   Code   RO         2003    i.HAL_SYSTICK_Config  stm32f1xx_hal_cortex.o
    0x080014bc   0x080014bc   0x00000002   Code   RO         1266    i.HAL_TIMEx_BreakCallback  stm32f1xx_hal_tim_ex.o
    0x080014be   0x080014be   0x00000002   Code   RO         1267    i.HAL_TIMEx_CommutCallback  stm32f1xx_hal_tim_ex.o
    0x080014c0   0x080014c0   0x00000042   Code   RO         1284    i.HAL_TIMEx_MasterConfigSynchronization  stm32f1xx_hal_tim_ex.o
    0x08001502   0x08001502   0x00000036   Code   RO          591    i.HAL_TIM_Base_Init  stm32f1xx_hal_tim.o
    0x08001538   0x08001538   0x00000060   Code   RO          501    i.HAL_TIM_Base_MspInit  stm32f1xx_hal_msp.o
    0x08001598   0x08001598   0x000000d6   Code   RO          600    i.HAL_TIM_ConfigClockSource  stm32f1xx_hal_tim.o
    0x0800166e   0x0800166e   0x00000002   Code   RO          620    i.HAL_TIM_IC_CaptureCallback  stm32f1xx_hal_tim.o
    0x08001670   0x08001670   0x00000166   Code   RO          634    i.HAL_TIM_IRQHandler  stm32f1xx_hal_tim.o
    0x080017d6   0x080017d6   0x00000002   PAD
    0x080017d8   0x080017d8   0x0000004c   Code   RO          502    i.HAL_TIM_MspPostInit  stm32f1xx_hal_msp.o
    0x08001824   0x08001824   0x00000002   Code   RO          637    i.HAL_TIM_OC_DelayElapsedCallback  stm32f1xx_hal_tim.o
    0x08001826   0x08001826   0x000000d0   Code   RO          658    i.HAL_TIM_PWM_ConfigChannel  stm32f1xx_hal_tim.o
    0x080018f6   0x080018f6   0x00000036   Code   RO          661    i.HAL_TIM_PWM_Init  stm32f1xx_hal_tim.o
    0x0800192c   0x0800192c   0x00000002   Code   RO          663    i.HAL_TIM_PWM_MspInit  stm32f1xx_hal_tim.o
    0x0800192e   0x0800192e   0x00000002   Code   RO          664    i.HAL_TIM_PWM_PulseFinishedCallback  stm32f1xx_hal_tim.o
    0x08001930   0x08001930   0x00000038   Code   RO          666    i.HAL_TIM_PWM_Start  stm32f1xx_hal_tim.o
    0x08001968   0x08001968   0x00000002   Code   RO          672    i.HAL_TIM_PeriodElapsedCallback  stm32f1xx_hal_tim.o
    0x0800196a   0x0800196a   0x00000002   Code   RO          677    i.HAL_TIM_TriggerCallback  stm32f1xx_hal_tim.o
    0x0800196c   0x0800196c   0x00000002   Code   RO         2513    i.HAL_UART_ErrorCallback  stm32f1xx_hal_uart.o
    0x0800196e   0x0800196e   0x00000002   PAD
    0x08001970   0x08001970   0x00000110   Code   RO         2516    i.HAL_UART_IRQHandler  stm32f1xx_hal_uart.o
    0x08001a80   0x08001a80   0x00000062   Code   RO         2517    i.HAL_UART_Init     stm32f1xx_hal_uart.o
    0x08001ae2   0x08001ae2   0x00000002   PAD
    0x08001ae4   0x08001ae4   0x00000134   Code   RO          504    i.HAL_UART_MspInit  stm32f1xx_hal_msp.o
    0x08001c18   0x08001c18   0x00000052   Code   RO         2522    i.HAL_UART_Receive_IT  stm32f1xx_hal_uart.o
    0x08001c6a   0x08001c6a   0x00000002   Code   RO         2523    i.HAL_UART_RxCpltCallback  stm32f1xx_hal_uart.o
    0x08001c6c   0x08001c6c   0x0000003e   Code   RO         2527    i.HAL_UART_Transmit_IT  stm32f1xx_hal_uart.o
    0x08001caa   0x08001caa   0x00000002   Code   RO         2528    i.HAL_UART_TxCpltCallback  stm32f1xx_hal_uart.o
    0x08001cac   0x08001cac   0x00000002   Code   RO          336    i.HardFault_Handler  stm32f1xx_it.o
    0x08001cae   0x08001cae   0x00000002   PAD
    0x08001cb0   0x08001cb0   0x00000124   Code   RO           19    i.MX_GPIO_Init      main.o
    0x08001dd4   0x08001dd4   0x00000050   Code   RO           20    i.MX_TIM2_Init      main.o
    0x08001e24   0x08001e24   0x0000007c   Code   RO           21    i.MX_TIM4_Init      main.o
    0x08001ea0   0x08001ea0   0x00000002   Code   RO          337    i.MemManage_Handler  stm32f1xx_it.o
    0x08001ea2   0x08001ea2   0x00000002   Code   RO          338    i.NMI_Handler       stm32f1xx_it.o
    0x08001ea4   0x08001ea4   0x00000002   Code   RO          339    i.PendSV_Handler    stm32f1xx_it.o
    0x08001ea6   0x08001ea6   0x00000002   Code   RO          340    i.RCC_IRQHandler    stm32f1xx_it.o
    0x08001ea8   0x08001ea8   0x00000002   Code   RO          341    i.SVC_Handler       stm32f1xx_it.o
    0x08001eaa   0x08001eaa   0x00000004   Code   RO          342    i.SysTick_Handler   stm32f1xx_it.o
    0x08001eae   0x08001eae   0x0000004e   Code   RO           22    i.SystemClock_Config  main.o
    0x08001efc   0x08001efc   0x00000048   Code   RO         2819    i.SystemInit        system_stm32f1xx.o
    0x08001f44   0x08001f44   0x0000000c   Code   RO           23    i.TIM2_IRQHandler   main.o
    0x08001f50   0x08001f50   0x0000006c   Code   RO          679    i.TIM_Base_SetConfig  stm32f1xx_hal_tim.o
    0x08001fbc   0x08001fbc   0x0000001a   Code   RO          680    i.TIM_CCxChannelCmd  stm32f1xx_hal_tim.o
    0x08001fd6   0x08001fd6   0x00000014   Code   RO          690    i.TIM_ETR_SetConfig  stm32f1xx_hal_tim.o
    0x08001fea   0x08001fea   0x00000010   Code   RO          691    i.TIM_ITRx_SetConfig  stm32f1xx_hal_tim.o
    0x08001ffa   0x08001ffa   0x00000002   PAD
    0x08001ffc   0x08001ffc   0x00000050   Code   RO          692    i.TIM_OC1_SetConfig  stm32f1xx_hal_tim.o
    0x0800204c   0x0800204c   0x00000058   Code   RO          693    i.TIM_OC2_SetConfig  stm32f1xx_hal_tim.o
    0x080020a4   0x080020a4   0x00000058   Code   RO          694    i.TIM_OC3_SetConfig  stm32f1xx_hal_tim.o
    0x080020fc   0x080020fc   0x00000044   Code   RO          695    i.TIM_OC4_SetConfig  stm32f1xx_hal_tim.o
    0x08002140   0x08002140   0x00000022   Code   RO          697    i.TIM_TI1_ConfigInputStage  stm32f1xx_hal_tim.o
    0x08002162   0x08002162   0x00000024   Code   RO          699    i.TIM_TI2_ConfigInputStage  stm32f1xx_hal_tim.o
    0x08002186   0x08002186   0x00000010   Code   RO         2530    i.UART_DMAAbortOnError  stm32f1xx_hal_uart.o
    0x08002196   0x08002196   0x0000001c   Code   RO         2540    i.UART_EndRxTransfer  stm32f1xx_hal_uart.o
    0x080021b2   0x080021b2   0x00000096   Code   RO         2542    i.UART_Receive_IT   stm32f1xx_hal_uart.o
    0x08002248   0x08002248   0x000000b8   Code   RO         2543    i.UART_SetConfig    stm32f1xx_hal_uart.o
    0x08002300   0x08002300   0x00000062   Code   RO         2544    i.UART_Transmit_IT  stm32f1xx_hal_uart.o
    0x08002362   0x08002362   0x00000002   PAD
    0x08002364   0x08002364   0x00000020   Code   RO           24    i.USART1_IRQHandler  main.o
    0x08002384   0x08002384   0x00000020   Code   RO           25    i.USART2_IRQHandler  main.o
    0x080023a4   0x080023a4   0x00000020   Code   RO           26    i.USART3_IRQHandler  main.o
    0x080023c4   0x080023c4   0x00000002   Code   RO          343    i.UsageFault_Handler  stm32f1xx_it.o
    0x080023c6   0x080023c6   0x00000028   Code   RO         2972    i.__ARM_fpclassify  m_ws.l(fpclassify.o)
    0x080023ee   0x080023ee   0x00000020   Code   RO         2005    i.__NVIC_SetPriority  stm32f1xx_hal_cortex.o
    0x0800240e   0x0800240e   0x00000002   PAD
    0x08002410   0x08002410   0x00000388   Code   RO         2927    i.__ieee754_rem_pio2  m_ws.l(rred.o)
    0x08002798   0x08002798   0x000000fc   Code   RO         2910    i.__kernel_cos      m_ws.l(cos_i.o)
    0x08002894   0x08002894   0x000000aa   Code   RO         2974    i.__kernel_poly     m_ws.l(poly.o)
    0x0800293e   0x0800293e   0x00000002   PAD
    0x08002940   0x08002940   0x000000ec   Code   RO         2932    i.__kernel_sin      m_ws.l(sin_i.o)
    0x08002a2c   0x08002a2c   0x00000006   Code   RO         2914    i.__mathlib_dbl_infnan  m_ws.l(dunder.o)
    0x08002a32   0x08002a32   0x0000000c   Code   RO         2916    i.__mathlib_dbl_invalid  m_ws.l(dunder.o)
    0x08002a3e   0x08002a3e   0x00000002   PAD
    0x08002a40   0x08002a40   0x00000010   Code   RO         2919    i.__mathlib_dbl_underflow  m_ws.l(dunder.o)
    0x08002a50   0x08002a50   0x0000000e   Code   RO         2982    i.__scatterload_copy  mc_w.l(handlers.o)
    0x08002a5e   0x08002a5e   0x00000002   Code   RO         2983    i.__scatterload_null  mc_w.l(handlers.o)
    0x08002a60   0x08002a60   0x0000000e   Code   RO         2984    i.__scatterload_zeroinit  mc_w.l(handlers.o)
    0x08002a6e   0x08002a6e   0x00000002   PAD
    0x08002a70   0x08002a70   0x0000000c   Code   RO         2958    i.__set_errno       mc_w.l(errno.o)
    0x08002a7c   0x08002a7c   0x0000009c   Code   RO         2854    i.cos               m_ws.l(cos.o)
    0x08002b18   0x08002b18   0x00000028   Code   RO           27    i.dataBaru          main.o
    0x08002b40   0x08002b40   0x00000018   Code   RO           28    i.dataLama          main.o
    0x08002b58   0x08002b58   0x00000070   Code   RO           29    i.hitungKecepatanAngular  main.o
    0x08002bc8   0x08002bc8   0x0000003c   Code   RO           30    i.hitungKecepatanLinier  main.o
    0x08002c04   0x08002c04   0x000000ac   Code   RO           31    i.hitungPID         main.o
    0x08002cb0   0x08002cb0   0x00000180   Code   RO           32    i.hitungPosisi      main.o
    0x08002e30   0x08002e30   0x00000070   Code   RO           33    i.hitungRPM         main.o
    0x08002ea0   0x08002ea0   0x00000034   Code   RO           34    i.kirimUART         main.o
    0x08002ed4   0x08002ed4   0x00000148   Code   RO           35    i.main              main.o
    0x0800301c   0x0800301c   0x00000012   Code   RO           36    i.motor4            main.o
    0x0800302e   0x0800302e   0x00000002   PAD
    0x08003030   0x08003030   0x0000002c   Code   RO           38    i.setPWM4           main.o
    0x0800305c   0x0800305c   0x000000a0   Code   RO         2862    i.sin               m_ws.l(sin.o)
    0x080030fc   0x080030fc   0x0000004c   Code   RO         2870    i.sqrt              m_ws.l(sqrt.o)
    0x08003148   0x08003148   0x00000058   Code   RO           40    i.updateDataEncoder1  main.o
    0x080031a0   0x080031a0   0x00000058   Code   RO           41    i.updateDataEncoder2  main.o
    0x080031f8   0x080031f8   0x00000058   Code   RO           42    i.updateDataEncoder3  main.o
    0x08003250   0x08003250   0x00000058   Code   RO           43    i.updateDataEncoder4  main.o
    0x080032a8   0x080032a8   0x00000010   Data   RO         2820    .constdata          system_stm32f1xx.o
    0x080032b8   0x080032b8   0x00000008   Data   RO         2821    .constdata          system_stm32f1xx.o
    0x080032c0   0x080032c0   0x00000030   Data   RO         2911    .constdata          m_ws.l(cos_i.o)
    0x080032f0   0x080032f0   0x000000c8   Data   RO         2929    .constdata          m_ws.l(rred.o)
    0x080033b8   0x080033b8   0x00000028   Data   RO         2933    .constdata          m_ws.l(sin_i.o)
    0x080033e0   0x080033e0   0x00000020   Data   RO         2980    Region$$Table       anon$$obj.o


    Execution Region RW_IRAM1 (Exec base: 0x20000000, Load base: 0x08003400, Size: 0x00000698, Max: 0x00005000, ABSOLUTE)

    Exec Addr    Load Addr    Size         Type   Attr      Idx    E Section Name        Object

    0x20000000   0x08003400   0x00000080   Data   RW           47    .data               main.o
    0x20000080   0x08003480   0x0000000c   Data   RW         1542    .data               stm32f1xx_hal.o
    0x2000008c   0x0800348c   0x00000004   Data   RW         2822    .data               system_stm32f1xx.o
    0x20000090   0x08003490   0x00000004   Data   RW         2959    .data               mc_w.l(errno.o)
    0x20000094        -       0x000001e0   Zero   RW           44    .bss                main.o
    0x20000274   0x08003494   0x00000004   PAD
    0x20000278        -       0x00000020   Zero   RW         2246    .bss                stm32f1xx_hal_flash.o
    0x20000298        -       0x00000400   Zero   RW            1    STACK               startup_stm32f103xb.o


==============================================================================

Image component sizes


      Code (inc. data)   RO Data    RW Data    ZI Data      Debug   Object Name

      2490        250          0        128        480     437661   main.o
        36          8        236          0       1024        820   startup_stm32f103xb.o
       128         24          0         12          0       5417   stm32f1xx_hal.o
       198         14          0          0          0      29055   stm32f1xx_hal_cortex.o
       152          4          0          0          0       1139   stm32f1xx_hal_dma.o
       388         24          0          0         32       3814   stm32f1xx_hal_flash.o
        36          8          0          0          0       1873   stm32f1xx_hal_flash_ex.o
       516         40          0          0          0       4092   stm32f1xx_hal_gpio.o
       572         56          0          0          0       3202   stm32f1xx_hal_msp.o
      1272        100          0          0          0       5308   stm32f1xx_hal_rcc.o
      1520         38          0          0          0      15958   stm32f1xx_hal_tim.o
        70          0          0          0          0       2429   stm32f1xx_hal_tim_ex.o
       996         12          0          0          0       8808   stm32f1xx_hal_uart.o
        26          0          0          0          0     428198   stm32f1xx_it.o
        72         16         24          4          0       1211   system_stm32f1xx.o

    ----------------------------------------------------------------------
      8494        594        292        144       1540     948985   Object Totals
         0          0         32          0          0          0   (incl. Generated)
        22          0          0          0          4          0   (incl. Padding)

    ----------------------------------------------------------------------

      Code (inc. data)   RO Data    RW Data    ZI Data      Debug   Library Member Name

       156          8          0          0          0        104   cos.o
       252         22         48          0          0        124   cos_i.o
        34          6          0          0          0        204   dunder.o
        40          0          0          0          0         68   fpclassify.o
       170          0          0          0          0         96   poly.o
       904         76        200          0          0        140   rred.o
       160         10          0          0          0        108   sin.o
       236         12         40          0          0        128   sin_i.o
        76          0          0          0          0         84   sqrt.o
         0          0          0          0          0          0   entry.o
         0          0          0          0          0          0   entry10a.o
         0          0          0          0          0          0   entry11a.o
         8          4          0          0          0          0   entry2.o
         4          0          0          0          0          0   entry5.o
         0          0          0          0          0          0   entry7b.o
         0          0          0          0          0          0   entry8b.o
         8          4          0          0          0          0   entry9a.o
        12          6          0          4          0         68   errno.o
        30          0          0          0          0          0   handlers.o
        36          8          0          0          0         68   init.o
         0          0          0          0          0          0   iusefp.o
        30          0          0          0          0         68   llshl.o
        36          0          0          0          0         68   llsshr.o
        32          0          0          0          0         68   llushr.o
        36          0          0          0          0        108   memseta.o
        56          0          0          0          0         88   d2f.o
       334          0          0          0          0        148   dadd.o
       222          0          0          0          0        100   ddiv.o
       186          0          0          0          0        176   depilogue.o
        62          0          0          0          0         80   dfixi.o
        34          0          0          0          0         76   dflti.o
        26          0          0          0          0         76   dfltui.o
       228          0          0          0          0         96   dmul.o
        46          0          0          0          0         80   dscalb.o
       162          0          0          0          0        100   dsqrt.o
        38          0          0          0          0         68   f2d.o
       176          0          0          0          0        140   fadd.o
       124          0          0          0          0         88   fdiv.o
       110          0          0          0          0        168   fepilogue.o
        50          0          0          0          0         68   ffixi.o
        18          0          0          0          0         68   fflti.o
       100          0          0          0          0         76   fmul.o

    ----------------------------------------------------------------------
      4238        156        288          4          0       3200   Library Totals
         6          0          0          0          0          0   (incl. Padding)

    ----------------------------------------------------------------------

      Code (inc. data)   RO Data    RW Data    ZI Data      Debug   Library Name

      2028        134        288          0          0       1056   m_ws.l
       232         22          0          4          0        448   mc_w.l
      1972          0          0          0          0       1696   mf_w.l

    ----------------------------------------------------------------------
      4238        156        288          4          0       3200   Library Totals

    ----------------------------------------------------------------------

==============================================================================


      Code (inc. data)   RO Data    RW Data    ZI Data      Debug   

     12732        750        580        148       1540     945265   Grand Totals
     12732        750        580        148       1540     945265   ELF Image Totals
     12732        750        580        148          0          0   ROM Totals

==============================================================================

    Total RO  Size (Code + RO Data)                13312 (  13.00kB)
    Total RW  Size (RW Data + ZI Data)              1688 (   1.65kB)
    Total ROM Size (Code + RO Data + RW Data)      13460 (  13.14kB)

==============================================================================

